Archive member included to satisfy reference by file (symbol)

/usr/lib/gcc/arm-none-eabi/10.3.1/thumb/v7e-m/nofp/libgcc.a(_arm_muldf3.o)
                              CMakeFiles/STM32V3.elf.dir/Src/LM75A.c.obj (__aeabi_dmul)
/usr/lib/gcc/arm-none-eabi/10.3.1/thumb/v7e-m/nofp/libgcc.a(_arm_addsubdf3.o)
                              CMakeFiles/STM32V3.elf.dir/Src/LM75A.c.obj (__aeabi_i2d)
/usr/lib/gcc/arm-none-eabi/10.3.1/thumb/v7e-m/nofp/libgcc.a(_aeabi_uldivmod.o)
                              CMakeFiles/STM32V3.elf.dir/Src/button.c.obj (__aeabi_uldivmod)
/usr/lib/gcc/arm-none-eabi/10.3.1/thumb/v7e-m/nofp/libgcc.a(_udivmoddi4.o)
                              /usr/lib/gcc/arm-none-eabi/10.3.1/thumb/v7e-m/nofp/libgcc.a(_aeabi_uldivmod.o) (__udivmoddi4)
/usr/lib/gcc/arm-none-eabi/10.3.1/thumb/v7e-m/nofp/libgcc.a(_dvmd_tls.o)
                              /usr/lib/gcc/arm-none-eabi/10.3.1/thumb/v7e-m/nofp/libgcc.a(_aeabi_uldivmod.o) (__aeabi_ldiv0)
/usr/lib/gcc/arm-none-eabi/10.3.1/../../../arm-none-eabi/lib/thumb/v7e-m/nofp/libc.a(lib_a-atexit.o)
                              /usr/lib/gcc/arm-none-eabi/10.3.1/../../../arm-none-eabi/lib/thumb/v7e-m/nofp/crt0.o (atexit)
/usr/lib/gcc/arm-none-eabi/10.3.1/../../../arm-none-eabi/lib/thumb/v7e-m/nofp/libc.a(lib_a-errno.o)
                              CMakeFiles/STM32V3.elf.dir/Src/syscalls.c.obj (__errno)
/usr/lib/gcc/arm-none-eabi/10.3.1/../../../arm-none-eabi/lib/thumb/v7e-m/nofp/libc.a(lib_a-exit.o)
                              /usr/lib/gcc/arm-none-eabi/10.3.1/../../../arm-none-eabi/lib/thumb/v7e-m/nofp/crt0.o (exit)
/usr/lib/gcc/arm-none-eabi/10.3.1/../../../arm-none-eabi/lib/thumb/v7e-m/nofp/libc.a(lib_a-fini.o)
                              /usr/lib/gcc/arm-none-eabi/10.3.1/../../../arm-none-eabi/lib/thumb/v7e-m/nofp/crt0.o (__libc_fini_array)
/usr/lib/gcc/arm-none-eabi/10.3.1/../../../arm-none-eabi/lib/thumb/v7e-m/nofp/libc.a(lib_a-impure.o)
                              /usr/lib/gcc/arm-none-eabi/10.3.1/../../../arm-none-eabi/lib/thumb/v7e-m/nofp/libc.a(lib_a-exit.o) (_global_impure_ptr)
/usr/lib/gcc/arm-none-eabi/10.3.1/../../../arm-none-eabi/lib/thumb/v7e-m/nofp/libc.a(lib_a-init.o)
                              /usr/lib/gcc/arm-none-eabi/10.3.1/../../../arm-none-eabi/lib/thumb/v7e-m/nofp/crt0.o (__libc_init_array)
/usr/lib/gcc/arm-none-eabi/10.3.1/../../../arm-none-eabi/lib/thumb/v7e-m/nofp/libc.a(lib_a-memset.o)
                              /usr/lib/gcc/arm-none-eabi/10.3.1/../../../arm-none-eabi/lib/thumb/v7e-m/nofp/crt0.o (memset)
/usr/lib/gcc/arm-none-eabi/10.3.1/../../../arm-none-eabi/lib/thumb/v7e-m/nofp/libc.a(lib_a-printf.o)
                              CMakeFiles/STM32V3.elf.dir/Src/LM75A.c.obj (printf)
/usr/lib/gcc/arm-none-eabi/10.3.1/../../../arm-none-eabi/lib/thumb/v7e-m/nofp/libc.a(lib_a-vfprintf.o)
                              /usr/lib/gcc/arm-none-eabi/10.3.1/../../../arm-none-eabi/lib/thumb/v7e-m/nofp/libc.a(lib_a-printf.o) (_vfprintf_r)
/usr/lib/gcc/arm-none-eabi/10.3.1/../../../arm-none-eabi/lib/thumb/v7e-m/nofp/libc.a(lib_a-wsetup.o)
                              /usr/lib/gcc/arm-none-eabi/10.3.1/../../../arm-none-eabi/lib/thumb/v7e-m/nofp/libc.a(lib_a-vfprintf.o) (__swsetup_r)
/usr/lib/gcc/arm-none-eabi/10.3.1/../../../arm-none-eabi/lib/thumb/v7e-m/nofp/libc.a(lib_a-__atexit.o)
                              /usr/lib/gcc/arm-none-eabi/10.3.1/../../../arm-none-eabi/lib/thumb/v7e-m/nofp/libc.a(lib_a-atexit.o) (__register_exitproc)
/usr/lib/gcc/arm-none-eabi/10.3.1/../../../arm-none-eabi/lib/thumb/v7e-m/nofp/libc.a(lib_a-__call_atexit.o)
                              /usr/lib/gcc/arm-none-eabi/10.3.1/../../../arm-none-eabi/lib/thumb/v7e-m/nofp/libc.a(lib_a-exit.o) (__call_exitprocs)
/usr/lib/gcc/arm-none-eabi/10.3.1/../../../arm-none-eabi/lib/thumb/v7e-m/nofp/libc.a(lib_a-dtoa.o)
                              /usr/lib/gcc/arm-none-eabi/10.3.1/../../../arm-none-eabi/lib/thumb/v7e-m/nofp/libc.a(lib_a-vfprintf.o) (_dtoa_r)
/usr/lib/gcc/arm-none-eabi/10.3.1/../../../arm-none-eabi/lib/thumb/v7e-m/nofp/libc.a(lib_a-fflush.o)
                              /usr/lib/gcc/arm-none-eabi/10.3.1/../../../arm-none-eabi/lib/thumb/v7e-m/nofp/libc.a(lib_a-vfprintf.o) (_fflush_r)
/usr/lib/gcc/arm-none-eabi/10.3.1/../../../arm-none-eabi/lib/thumb/v7e-m/nofp/libc.a(lib_a-findfp.o)
                              /usr/lib/gcc/arm-none-eabi/10.3.1/../../../arm-none-eabi/lib/thumb/v7e-m/nofp/libc.a(lib_a-vfprintf.o) (__sinit)
/usr/lib/gcc/arm-none-eabi/10.3.1/../../../arm-none-eabi/lib/thumb/v7e-m/nofp/libc.a(lib_a-freer.o)
                              /usr/lib/gcc/arm-none-eabi/10.3.1/../../../arm-none-eabi/lib/thumb/v7e-m/nofp/libc.a(lib_a-wsetup.o) (_free_r)
/usr/lib/gcc/arm-none-eabi/10.3.1/../../../arm-none-eabi/lib/thumb/v7e-m/nofp/libc.a(lib_a-fwalk.o)
                              /usr/lib/gcc/arm-none-eabi/10.3.1/../../../arm-none-eabi/lib/thumb/v7e-m/nofp/libc.a(lib_a-findfp.o) (_fwalk)
[...]
Memory Configuration

Name             Origin             Length             Attributes
CCMRAM           0x0000000010000000 0x0000000000010000 xrw
RAM              0x0000000020000000 0x0000000000020000 xrw
FLASH            0x0000000008000000 0x0000000000100000 xr
*default*        0x0000000000000000 0xffffffffffffffff

Linker script and memory map

LOAD /usr/lib/gcc/arm-none-eabi/10.3.1/thumb/v7e-m/nofp/crti.o
LOAD /usr/lib/gcc/arm-none-eabi/10.3.1/thumb/v7e-m/nofp/crtbegin.o
LOAD /usr/lib/gcc/arm-none-eabi/10.3.1/../../../arm-none-eabi/lib/thumb/v7e-m/nofp/crt0.o
LOAD CMakeFiles/STM32V3.elf.dir/Drivers/STM32F4xx_HAL_Driver/Src/stm32f4xx_hal.c.obj
LOAD CMakeFiles/STM32V3.elf.dir/Drivers/STM32F4xx_HAL_Driver/Src/stm32f4xx_hal_cortex.c.obj
LOAD CMakeFiles/STM32V3.elf.dir/Drivers/STM32F4xx_HAL_Driver/Src/stm32f4xx_hal_crc.c.obj
LOAD CMakeFiles/STM32V3.elf.dir/Drivers/STM32F4xx_HAL_Driver/Src/stm32f4xx_hal_dma.c.obj
LOAD CMakeFiles/STM32V3.elf.dir/Drivers/STM32F4xx_HAL_Driver/Src/stm32f4xx_hal_dma_ex.c.obj
LOAD CMakeFiles/STM32V3.elf.dir/Drivers/STM32F4xx_HAL_Driver/Src/stm32f4xx_hal_flash.c.obj
LOAD CMakeFiles/STM32V3.elf.dir/Drivers/STM32F4xx_HAL_Driver/Src/stm32f4xx_hal_flash_ex.c.obj
LOAD CMakeFiles/STM32V3.elf.dir/Drivers/STM32F4xx_HAL_Driver/Src/stm32f4xx_hal_flash_ramfunc.c.obj
LOAD CMakeFiles/STM32V3.elf.dir/Drivers/STM32F4xx_HAL_Driver/Src/stm32f4xx_hal_gpio.c.obj
LOAD CMakeFiles/STM32V3.elf.dir/Drivers/STM32F4xx_HAL_Driver/Src/stm32f4xx_hal_i2c.c.obj
LOAD CMakeFiles/STM32V3.elf.dir/Drivers/STM32F4xx_HAL_Driver/Src/stm32f4xx_hal_i2c_ex.c.obj
LOAD CMakeFiles/STM32V3.elf.dir/Drivers/STM32F4xx_HAL_Driver/Src/stm32f4xx_hal_pwr.c.obj
LOAD CMakeFiles/STM32V3.elf.dir/Drivers/STM32F4xx_HAL_Driver/Src/stm32f4xx_hal_pwr_ex.c.obj
LOAD CMakeFiles/STM32V3.elf.dir/Drivers/STM32F4xx_HAL_Driver/Src/stm32f4xx_hal_rcc.c.obj
LOAD CMakeFiles/STM32V3.elf.dir/Drivers/STM32F4xx_HAL_Driver/Src/stm32f4xx_hal_rcc_ex.c.obj
LOAD CMakeFiles/STM32V3.elf.dir/Drivers/STM32F4xx_HAL_Driver/Src/stm32f4xx_hal_rng.c.obj
LOAD CMakeFiles/STM32V3.elf.dir/Drivers/STM32F4xx_HAL_Driver/Src/stm32f4xx_hal_tim.c.obj
LOAD CMakeFiles/STM32V3.elf.dir/Drivers/STM32F4xx_HAL_Driver/Src/stm32f4xx_hal_tim_ex.c.obj
LOAD CMakeFiles/STM32V3.elf.dir/Drivers/STM32F4xx_HAL_Driver/Src/stm32f4xx_hal_uart.c.obj
LOAD CMakeFiles/STM32V3.elf.dir/Src/LM75A.c.obj
LOAD CMakeFiles/STM32V3.elf.dir/Src/beep.c.obj
LOAD CMakeFiles/STM32V3.elf.dir/Src/button.c.obj
LOAD CMakeFiles/STM32V3.elf.dir/Src/crc.c.obj
LOAD CMakeFiles/STM32V3.elf.dir/Src/gpio.c.obj
LOAD CMakeFiles/STM32V3.elf.dir/Src/i2c.c.obj
LOAD CMakeFiles/STM32V3.elf.dir/Src/irq_handle.c.obj
LOAD CMakeFiles/STM32V3.elf.dir/Src/main.c.obj
LOAD CMakeFiles/STM32V3.elf.dir/Src/rng.c.obj
LOAD CMakeFiles/STM32V3.elf.dir/Src/state_machine.c.obj
LOAD CMakeFiles/STM32V3.elf.dir/Src/stm32f4xx_hal_msp.c.obj
LOAD CMakeFiles/STM32V3.elf.dir/Src/stm32f4xx_it.c.obj
LOAD CMakeFiles/STM32V3.elf.dir/Src/syscalls.c.obj
LOAD CMakeFiles/STM32V3.elf.dir/Src/sysmem.c.obj
LOAD CMakeFiles/STM32V3.elf.dir/Src/system_stm32f4xx.c.obj
LOAD CMakeFiles/STM32V3.elf.dir/Src/usart.c.obj
LOAD CMakeFiles/STM32V3.elf.dir/Src/zlg7290.c.obj
LOAD CMakeFiles/STM32V3.elf.dir/Startup/startup_stm32f407igtx.s.obj
START GROUP
LOAD /usr/lib/gcc/arm-none-eabi/10.3.1/thumb/v7e-m/nofp/libgcc.a
LOAD /usr/lib/gcc/arm-none-eabi/10.3.1/../../../arm-none-eabi/lib/thumb/v7e-m/nofp/libc.a
END GROUP
LOAD /usr/lib/gcc/arm-none-eabi/10.3.1/thumb/v7e-m/nofp/crtend.o
LOAD /usr/lib/gcc/arm-none-eabi/10.3.1/thumb/v7e-m/nofp/crtn.o
                0x0000000020020000                _estack = (ORIGIN (RAM) + LENGTH (RAM))
                0x0000000000000200                _Min_Heap_Size = 0x200
                0x0000000000000400                _Min_Stack_Size = 0x400

.isr_vector     0x0000000008000000      0x188
                0x0000000008000000                . = ALIGN (0x4)
 *(.isr_vector)
 .isr_vector    0x0000000008000000      0x188 CMakeFiles/STM32V3.elf.dir/Startup/startup_stm32f407igtx.s.obj
                0x0000000008000000                g_pfnVectors
                0x0000000008000188                . = ALIGN (0x4)

.text           0x0000000008000188     0x2828
                0x0000000008000188                . = ALIGN (0x4)
 *(.text)
 .text          0x0000000008000188       0x88 /usr/lib/gcc/arm-none-eabi/10.3.1/thumb/v7e-m/nofp/crtbegin.o
 .text          0x0000000008000210       0x30 /usr/lib/gcc/arm-none-eabi/10.3.1/thumb/v7e-m/nofp/libgcc.a(_aeabi_uldivmod.o)
                0x0000000008000210                __aeabi_uldivmod
 .text          0x0000000008000240      0x2d0 /usr/lib/gcc/arm-none-eabi/10.3.1/thumb/v7e-m/nofp/libgcc.a(_udivmoddi4.o)
                0x0000000008000240                __udivmoddi4
 .text          0x0000000008000510        0x4 /usr/lib/gcc/arm-none-eabi/10.3.1/thumb/v7e-m/nofp/libgcc.a(_dvmd_tls.o)
                0x0000000008000510                __aeabi_ldiv0
                0x0000000008000510                __aeabi_idiv0
 .text          0x0000000008000514        0xc /usr/lib/gcc/arm-none-eabi/10.3.1/../../../arm-none-eabi/lib/thumb/v7e-m/nofp/libc.a(lib_a-atexit.o)
                0x0000000008000514                atexit
 .text          0x0000000008000520       0x2c /usr/lib/gcc/arm-none-eabi/10.3.1/../../../arm-none-eabi/lib/thumb/v7e-m/nofp/libc.a(lib_a-fini.o)
                0x0000000008000520                __libc_fini_array
 .text          0x000000000800054c       0x48 /usr/lib/gcc/arm-none-eabi/10.3.1/../../../arm-none-eabi/lib/thumb/v7e-m/nofp/libc.a(lib_a-init.o)
                0x000000000800054c                __libc_init_array
 .text          0x0000000008000594       0xa4 /usr/lib/gcc/arm-none-eabi/10.3.1/../../../arm-none-eabi/lib/thumb/v7e-m/nofp/libc.a(lib_a-memset.o)
                0x0000000008000594                memset
 .text          0x0000000008000638       0x68 /usr/lib/gcc/arm-none-eabi/10.3.1/../../../arm-none-eabi/lib/thumb/v7e-m/nofp/libc.a(lib_a-__atexit.o)
                0x0000000008000638                __register_exitproc
 *(.text*)
 .text.HAL_InitTick
                0x00000000080006a0       0x28 CMakeFiles/STM32V3.elf.dir/Drivers/STM32F4xx_HAL_Driver/Src/stm32f4xx_hal.c.obj
                0x00000000080006a0                HAL_InitTick
 .text.HAL_Init
                0x00000000080006c8       0x34 CMakeFiles/STM32V3.elf.dir/Drivers/STM32F4xx_HAL_Driver/Src/stm32f4xx_hal.c.obj
                0x00000000080006c8                HAL_Init
 .text.HAL_GetTick
                0x00000000080006fc        0xc CMakeFiles/STM32V3.elf.dir/Drivers/STM32F4xx_HAL_Driver/Src/stm32f4xx_hal.c.obj
                0x00000000080006fc                HAL_GetTick
 .text.HAL_Delay
                0x0000000008000708       0x1c CMakeFiles/STM32V3.elf.dir/Drivers/STM32F4xx_HAL_Driver/Src/stm32f4xx_hal.c.obj
                0x0000000008000708                HAL_Delay
 .text.HAL_SuspendTick
                0x0000000008000724        0xe CMakeFiles/STM32V3.elf.dir/Drivers/STM32F4xx_HAL_Driver/Src/stm32f4xx_hal.c.obj
                0x0000000008000724                HAL_SuspendTick
 .text.HAL_ResumeTick
                0x0000000008000732        0xe CMakeFiles/STM32V3.elf.dir/Drivers/STM32F4xx_HAL_Driver/Src/stm32f4xx_hal.c.obj
                0x0000000008000732                HAL_ResumeTick
 .text.HAL_NVIC_SetPriorityGrouping
                0x0000000008000740       0x24 CMakeFiles/STM32V3.elf.dir/Drivers/STM32F4xx_HAL_Driver/Src/stm32f4xx_hal_cortex.c.obj
                0x0000000008000740                HAL_NVIC_SetPriorityGrouping
 .text.HAL_NVIC_SetPriority
                0x0000000008000764       0x70 CMakeFiles/STM32V3.elf.dir/Drivers/STM32F4xx_HAL_Driver/Src/stm32f4xx_hal_cortex.c.obj
                0x0000000008000764                HAL_NVIC_SetPriority
 .text.HAL_NVIC_EnableIRQ
                0x00000000080007d4       0x18 CMakeFiles/STM32V3.elf.dir/Drivers/STM32F4xx_HAL_Driver/Src/stm32f4xx_hal_cortex.c.obj
                0x00000000080007d4                HAL_NVIC_EnableIRQ
 .text.HAL_SYSTICK_Config
                0x00000000080007ec       0x28 CMakeFiles/STM32V3.elf.dir/Drivers/STM32F4xx_HAL_Driver/Src/stm32f4xx_hal_cortex.c.obj
                0x00000000080007ec                HAL_SYSTICK_Config
 .text.HAL_CRC_Init
                0x0000000008000814       0x22 CMakeFiles/STM32V3.elf.dir/Drivers/STM32F4xx_HAL_Driver/Src/stm32f4xx_hal_crc.c.obj
                0x0000000008000814                HAL_CRC_Init
 *fill*         0x0000000008000836        0x2 
 .text.HAL_GPIO_Init
                0x0000000008000838      0x1d4 CMakeFiles/STM32V3.elf.dir/Drivers/STM32F4xx_HAL_Driver/Src/stm32f4xx_hal_gpio.c.obj
                0x0000000008000838                HAL_GPIO_Init
 .text.HAL_GPIO_WritePin
                0x0000000008000a0c        0xc CMakeFiles/STM32V3.elf.dir/Drivers/STM32F4xx_HAL_Driver/Src/stm32f4xx_hal_gpio.c.obj
                0x0000000008000a0c                HAL_GPIO_WritePin
 .text.HAL_GPIO_EXTI_IRQHandler
                0x0000000008000a18       0x1c CMakeFiles/STM32V3.elf.dir/Drivers/STM32F4xx_HAL_Driver/Src/stm32f4xx_hal_gpio.c.obj
                0x0000000008000a18                HAL_GPIO_EXTI_IRQHandler
 .text.I2C_WaitOnMasterAddressFlagUntilTimeout
                0x0000000008000a34       0x8e CMakeFiles/STM32V3.elf.dir/Drivers/STM32F4xx_HAL_Driver/Src/stm32f4xx_hal_i2c.c.obj
 .text.I2C_WaitOnFlagUntilTimeout
                0x0000000008000ac2       0xc0 CMakeFiles/STM32V3.elf.dir/Drivers/STM32F4xx_HAL_Driver/Src/stm32f4xx_hal_i2c.c.obj
 *fill*         0x0000000008000b82        0x2 
 .text.I2C_RequestMemoryWrite
                0x0000000008000b84       0xac CMakeFiles/STM32V3.elf.dir/Drivers/STM32F4xx_HAL_Driver/Src/stm32f4xx_hal_i2c.c.obj
 .text.I2C_RequestMemoryRead
                0x0000000008000c30      0x10c CMakeFiles/STM32V3.elf.dir/Drivers/STM32F4xx_HAL_Driver/Src/stm32f4xx_hal_i2c.c.obj
 .text.HAL_I2C_Init
                0x0000000008000d3c      0x114 CMakeFiles/STM32V3.elf.dir/Drivers/STM32F4xx_HAL_Driver/Src/stm32f4xx_hal_i2c.c.obj
                0x0000000008000d3c                HAL_I2C_Init
 .text.HAL_I2C_Mem_Write
                0x0000000008000e50      0x10c CMakeFiles/STM32V3.elf.dir/Drivers/STM32F4xx_HAL_Driver/Src/stm32f4xx_hal_i2c.c.obj
                0x0000000008000e50                HAL_I2C_Mem_Write
 .text.HAL_I2C_Mem_Read
                0x0000000008000f5c      0x210 CMakeFiles/STM32V3.elf.dir/Drivers/STM32F4xx_HAL_Driver/Src/stm32f4xx_hal_i2c.c.obj
                0x0000000008000f5c                HAL_I2C_Mem_Read
 .text.HAL_PWR_EnterSLEEPMode
                0x000000000800116c       0x20 CMakeFiles/STM32V3.elf.dir/Drivers/STM32F4xx_HAL_Driver/Src/stm32f4xx_hal_pwr.c.obj
                0x000000000800116c                HAL_PWR_EnterSLEEPMode
 .text.HAL_RCC_OscConfig
                0x000000000800118c      0x384 CMakeFiles/STM32V3.elf.dir/Drivers/STM32F4xx_HAL_Driver/Src/stm32f4xx_hal_rcc.c.obj
                0x000000000800118c                HAL_RCC_OscConfig
 .text.HAL_RCC_ClockConfig
                0x0000000008001510      0x260 CMakeFiles/STM32V3.elf.dir/Drivers/STM32F4xx_HAL_Driver/Src/stm32f4xx_hal_rcc.c.obj
                0x0000000008001510                HAL_RCC_ClockConfig
 .text.HAL_RCC_GetSysClockFreq
                0x0000000008001770       0x98 CMakeFiles/STM32V3.elf.dir/Drivers/STM32F4xx_HAL_Driver/Src/stm32f4xx_hal_rcc.c.obj
                0x0000000008001770                HAL_RCC_GetSysClockFreq
 .text.HAL_RCC_GetHCLKFreq
                0x0000000008001808       0x34 CMakeFiles/STM32V3.elf.dir/Drivers/STM32F4xx_HAL_Driver/Src/stm32f4xx_hal_rcc.c.obj
                0x0000000008001808                HAL_RCC_GetHCLKFreq
 .text.HAL_RCC_GetPCLK1Freq
                0x000000000800183c       0x2c CMakeFiles/STM32V3.elf.dir/Drivers/STM32F4xx_HAL_Driver/Src/stm32f4xx_hal_rcc.c.obj
                0x000000000800183c                HAL_RCC_GetPCLK1Freq
 .text.HAL_RCC_GetPCLK2Freq
                0x0000000008001868       0x2c CMakeFiles/STM32V3.elf.dir/Drivers/STM32F4xx_HAL_Driver/Src/stm32f4xx_hal_rcc.c.obj
                0x0000000008001868                HAL_RCC_GetPCLK2Freq
 .text.HAL_RNG_Init
                0x0000000008001894       0x3c CMakeFiles/STM32V3.elf.dir/Drivers/STM32F4xx_HAL_Driver/Src/stm32f4xx_hal_rng.c.obj
                0x0000000008001894                HAL_RNG_Init
 .text.HAL_RNG_GenerateRandomNumber
                0x00000000080018d0       0x5c CMakeFiles/STM32V3.elf.dir/Drivers/STM32F4xx_HAL_Driver/Src/stm32f4xx_hal_rng.c.obj
                0x00000000080018d0                HAL_RNG_GenerateRandomNumber
 .text.HAL_RNG_ReadyDataCallback
                0x000000000800192c        0x2 CMakeFiles/STM32V3.elf.dir/Drivers/STM32F4xx_HAL_Driver/Src/stm32f4xx_hal_rng.c.obj
                0x000000000800192c                HAL_RNG_ReadyDataCallback
 .text.HAL_RNG_ErrorCallback
                0x000000000800192e        0x2 CMakeFiles/STM32V3.elf.dir/Drivers/STM32F4xx_HAL_Driver/Src/stm32f4xx_hal_rng.c.obj
                0x000000000800192e                HAL_RNG_ErrorCallback
 .text.HAL_RNG_IRQHandler
                0x0000000008001930       0x56 CMakeFiles/STM32V3.elf.dir/Drivers/STM32F4xx_HAL_Driver/Src/stm32f4xx_hal_rng.c.obj
                0x0000000008001930                HAL_RNG_IRQHandler
 .text.UART_Transmit_IT
                0x0000000008001986       0x68 CMakeFiles/STM32V3.elf.dir/Drivers/STM32F4xx_HAL_Driver/Src/stm32f4xx_hal_uart.c.obj
 *fill*         0x00000000080019ee        0x2 
 .text.UART_SetConfig
                0x00000000080019f0      0x20c CMakeFiles/STM32V3.elf.dir/Drivers/STM32F4xx_HAL_Driver/Src/stm32f4xx_hal_uart.c.obj
 .text.HAL_UART_Init
                0x0000000008001bfc       0x5a CMakeFiles/STM32V3.elf.dir/Drivers/STM32F4xx_HAL_Driver/Src/stm32f4xx_hal_uart.c.obj
                0x0000000008001bfc                HAL_UART_Init
 .text.HAL_UART_TxCpltCallback
                0x0000000008001c56        0x2 CMakeFiles/STM32V3.elf.dir/Drivers/STM32F4xx_HAL_Driver/Src/stm32f4xx_hal_uart.c.obj
                0x0000000008001c56                HAL_UART_TxCpltCallback
 .text.UART_EndTransmit_IT
                0x0000000008001c58       0x40 CMakeFiles/STM32V3.elf.dir/Drivers/STM32F4xx_HAL_Driver/Src/stm32f4xx_hal_uart.c.obj
 .text.HAL_UART_RxCpltCallback
                0x0000000008001c98        0x2 CMakeFiles/STM32V3.elf.dir/Drivers/STM32F4xx_HAL_Driver/Src/stm32f4xx_hal_uart.c.obj
                0x0000000008001c98                HAL_UART_RxCpltCallback
 .text.UART_Receive_IT
                0x0000000008001c9a       0xb6 CMakeFiles/STM32V3.elf.dir/Drivers/STM32F4xx_HAL_Driver/Src/stm32f4xx_hal_uart.c.obj
 .text.HAL_UART_ErrorCallback
                0x0000000008001d50        0x2 CMakeFiles/STM32V3.elf.dir/Drivers/STM32F4xx_HAL_Driver/Src/stm32f4xx_hal_uart.c.obj
                0x0000000008001d50                HAL_UART_ErrorCallback
 .text.HAL_UART_IRQHandler
                0x0000000008001d52       0xf2 CMakeFiles/STM32V3.elf.dir/Drivers/STM32F4xx_HAL_Driver/Src/stm32f4xx_hal_uart.c.obj
                0x0000000008001d52                HAL_UART_IRQHandler
 .text.open_beep
                0x0000000008001e44       0x1c CMakeFiles/STM32V3.elf.dir/Src/beep.c.obj
                0x0000000008001e44                open_beep
 .text.close_beep
                0x0000000008001e60       0x1c CMakeFiles/STM32V3.elf.dir/Src/beep.c.obj
                0x0000000008001e60                close_beep
 .text.FlashTime
                0x0000000008001e7c       0xdc CMakeFiles/STM32V3.elf.dir/Src/button.c.obj
                0x0000000008001e7c                FlashTime
 .text.ZLG7290KeyToNum
                0x0000000008001f58       0x50 CMakeFiles/STM32V3.elf.dir/Src/button.c.obj
                0x0000000008001f58                ZLG7290KeyToNum
 .text.ClockKeyboadProcess
                0x0000000008001fa8      0x100 CMakeFiles/STM32V3.elf.dir/Src/button.c.obj
                0x0000000008001fa8                ClockKeyboadProcess
 .text.MX_CRC_Init
                0x00000000080020a8       0x20 CMakeFiles/STM32V3.elf.dir/Src/crc.c.obj
                0x00000000080020a8                MX_CRC_Init
 .text.HAL_CRC_MspInit
                0x00000000080020c8       0x2c CMakeFiles/STM32V3.elf.dir/Src/crc.c.obj
                0x00000000080020c8                HAL_CRC_MspInit
 .text.MX_GPIO_Init
                0x00000000080020f4      0x180 CMakeFiles/STM32V3.elf.dir/Src/gpio.c.obj
                0x00000000080020f4                MX_GPIO_Init
 .text.MX_I2C1_Init
                0x0000000008002274       0x3c CMakeFiles/STM32V3.elf.dir/Src/i2c.c.obj
                0x0000000008002274                MX_I2C1_Init
 .text.HAL_I2C_MspInit
                0x00000000080022b0       0x6c CMakeFiles/STM32V3.elf.dir/Src/i2c.c.obj
                0x00000000080022b0                HAL_I2C_MspInit
 .text.HAL_GPIO_EXTI_Callback
                0x000000000800231c       0x48 CMakeFiles/STM32V3.elf.dir/Src/irq_handle.c.obj
                0x000000000800231c                HAL_GPIO_EXTI_Callback
 .text.HAL_IncTick
                0x0000000008002364       0x48 CMakeFiles/STM32V3.elf.dir/Src/irq_handle.c.obj
                0x0000000008002364                HAL_IncTick
 .text.Error_Handler
                0x00000000080023ac        0x4 CMakeFiles/STM32V3.elf.dir/Src/main.c.obj
                0x00000000080023ac                Error_Handler
 .text.SystemClock_Config
                0x00000000080023b0       0xa0 CMakeFiles/STM32V3.elf.dir/Src/main.c.obj
                0x00000000080023b0                SystemClock_Config
 .text.main     0x0000000008002450       0x9c CMakeFiles/STM32V3.elf.dir/Src/main.c.obj
                0x0000000008002450                main
 .text.MX_RNG_Init
                0x00000000080024ec       0x20 CMakeFiles/STM32V3.elf.dir/Src/rng.c.obj
                0x00000000080024ec                MX_RNG_Init
 .text.HAL_RNG_MspInit
                0x000000000800250c       0x40 CMakeFiles/STM32V3.elf.dir/Src/rng.c.obj
                0x000000000800250c                HAL_RNG_MspInit
 .text.EnqueueEvent
                0x000000000800254c       0x58 CMakeFiles/STM32V3.elf.dir/Src/state_machine.c.obj
                0x000000000800254c                EnqueueEvent
 .text.DequeueEvent
                0x00000000080025a4       0x3c CMakeFiles/STM32V3.elf.dir/Src/state_machine.c.obj
                0x00000000080025a4                DequeueEvent
 .text.RUNSTateIDLE
                0x00000000080025e0       0x24 CMakeFiles/STM32V3.elf.dir/Src/state_machine.c.obj
                0x00000000080025e0                RUNSTateIDLE
 .text.RUNStateCONFIGTIME
                0x0000000008002604       0x34 CMakeFiles/STM32V3.elf.dir/Src/state_machine.c.obj
                0x0000000008002604                RUNStateCONFIGTIME
 .text.RUNStateALARM
                0x0000000008002638       0x24 CMakeFiles/STM32V3.elf.dir/Src/state_machine.c.obj
                0x0000000008002638                RUNStateALARM
 .text.RUNStateTIME
                0x000000000800265c       0x44 CMakeFiles/STM32V3.elf.dir/Src/state_machine.c.obj
                0x000000000800265c                RUNStateTIME
 .text.RUNStatePAUSE
                0x00000000080026a0       0x34 CMakeFiles/STM32V3.elf.dir/Src/state_machine.c.obj
                0x00000000080026a0                RUNStatePAUSE
 .text.handleStateMachine
                0x00000000080026d4       0x64 CMakeFiles/STM32V3.elf.dir/Src/state_machine.c.obj
                0x00000000080026d4                handleStateMachine
 .text.HAL_MspInit
                0x0000000008002738       0x30 CMakeFiles/STM32V3.elf.dir/Src/stm32f4xx_hal_msp.c.obj
                0x0000000008002738                HAL_MspInit
 .text.SysTick_Handler
                0x0000000008002768        0x8 CMakeFiles/STM32V3.elf.dir/Src/stm32f4xx_it.c.obj
                0x0000000008002768                SysTick_Handler
 .text.USART1_IRQHandler
                0x0000000008002770       0x10 CMakeFiles/STM32V3.elf.dir/Src/stm32f4xx_it.c.obj
                0x0000000008002770                USART1_IRQHandler
 .text.EXTI15_10_IRQHandler
                0x0000000008002780        0xc CMakeFiles/STM32V3.elf.dir/Src/stm32f4xx_it.c.obj
                0x0000000008002780                EXTI15_10_IRQHandler
 .text.HASH_RNG_IRQHandler
                0x000000000800278c       0x10 CMakeFiles/STM32V3.elf.dir/Src/stm32f4xx_it.c.obj
                0x000000000800278c                HASH_RNG_IRQHandler
 .text.SystemInit
                0x000000000800279c       0x40 CMakeFiles/STM32V3.elf.dir/Src/system_stm32f4xx.c.obj
                0x000000000800279c                SystemInit
 .text.MX_USART1_UART_Init
                0x00000000080027dc       0x34 CMakeFiles/STM32V3.elf.dir/Src/usart.c.obj
                0x00000000080027dc                MX_USART1_UART_Init
 .text.HAL_UART_MspInit
                0x0000000008002810       0x7c CMakeFiles/STM32V3.elf.dir/Src/usart.c.obj
                0x0000000008002810                HAL_UART_MspInit
 .text.I2C_ZLG7290_Read
                0x000000000800288c       0x38 CMakeFiles/STM32V3.elf.dir/Src/zlg7290.c.obj
                0x000000000800288c                I2C_ZLG7290_Read
 .text.I2C_ZLG7290_WriteOneByte
                0x00000000080028c4       0x34 CMakeFiles/STM32V3.elf.dir/Src/zlg7290.c.obj
                0x00000000080028c4                I2C_ZLG7290_WriteOneByte
 .text.I2C_ZLG7290_Write
                0x00000000080028f8       0x36 CMakeFiles/STM32V3.elf.dir/Src/zlg7290.c.obj
                0x00000000080028f8                I2C_ZLG7290_Write
 *fill*         0x000000000800292e        0x2 
 .text.Reset_Handler
                0x0000000008002930       0x50 CMakeFiles/STM32V3.elf.dir/Startup/startup_stm32f407igtx.s.obj
                0x0000000008002930                Reset_Handler
 .text.Default_Handler
                0x0000000008002980        0x2 CMakeFiles/STM32V3.elf.dir/Startup/startup_stm32f407igtx.s.obj
                0x0000000008002980                RTC_Alarm_IRQHandler
                0x0000000008002980                EXTI2_IRQHandler
                0x0000000008002980                TIM8_CC_IRQHandler
                0x0000000008002980                DebugMon_Handler
                0x0000000008002980                TIM1_CC_IRQHandler
                0x0000000008002980                DMA2_Stream5_IRQHandler
                0x0000000008002980                HardFault_Handler
                0x0000000008002980                DMA1_Stream5_IRQHandler
                0x0000000008002980                PVD_IRQHandler
                0x0000000008002980                SDIO_IRQHandler
                0x0000000008002980                TAMP_STAMP_IRQHandler
                0x0000000008002980                PendSV_Handler
                0x0000000008002980                NMI_Handler
                0x0000000008002980                CAN2_RX1_IRQHandler
                0x0000000008002980                EXTI3_IRQHandler
                0x0000000008002980                TIM8_TRG_COM_TIM14_IRQHandler
                0x0000000008002980                TIM1_UP_TIM10_IRQHandler
                0x0000000008002980                TIM8_UP_TIM13_IRQHandler
                0x0000000008002980                I2C3_ER_IRQHandler
                0x0000000008002980                EXTI0_IRQHandler
                0x0000000008002980                I2C2_EV_IRQHandler
                0x0000000008002980                DMA1_Stream2_IRQHandler
                0x0000000008002980                CAN1_RX0_IRQHandler
                0x0000000008002980                FPU_IRQHandler
                0x0000000008002980                OTG_HS_WKUP_IRQHandler
                0x0000000008002980                UsageFault_Handler
                0x0000000008002980                CAN2_SCE_IRQHandler
                0x0000000008002980                DMA2_Stream2_IRQHandler
                0x0000000008002980                SPI1_IRQHandler
                0x0000000008002980                TIM6_DAC_IRQHandler
                0x0000000008002980                TIM1_BRK_TIM9_IRQHandler
                0x0000000008002980                DCMI_IRQHandler
                0x0000000008002980                CAN2_RX0_IRQHandler
                0x0000000008002980                DMA2_Stream3_IRQHandler
                0x0000000008002980                USART6_IRQHandler
                0x0000000008002980                USART3_IRQHandler
                0x0000000008002980                CAN1_RX1_IRQHandler
                0x0000000008002980                UART5_IRQHandler
                0x0000000008002980                DMA2_Stream0_IRQHandler
                0x0000000008002980                TIM4_IRQHandler
                0x0000000008002980                I2C1_EV_IRQHandler
                0x0000000008002980                DMA1_Stream6_IRQHandler
                0x0000000008002980                DMA1_Stream1_IRQHandler
                0x0000000008002980                UART4_IRQHandler
                0x0000000008002980                TIM3_IRQHandler
                0x0000000008002980                RCC_IRQHandler
                0x0000000008002980                TIM8_BRK_TIM12_IRQHandler
                0x0000000008002980                Default_Handler
                0x0000000008002980                ADC_IRQHandler
                0x0000000008002980                DMA1_Stream7_IRQHandler
                0x0000000008002980                TIM7_IRQHandler
                0x0000000008002980                CAN2_TX_IRQHandler
                0x0000000008002980                TIM5_IRQHandler
                0x0000000008002980                DMA2_Stream7_IRQHandler
                0x0000000008002980                I2C3_EV_IRQHandler
                0x0000000008002980                EXTI9_5_IRQHandler
                0x0000000008002980                RTC_WKUP_IRQHandler
                0x0000000008002980                ETH_WKUP_IRQHandler
                0x0000000008002980                SPI2_IRQHandler
                0x0000000008002980                OTG_HS_EP1_IN_IRQHandler
                0x0000000008002980                MemManage_Handler
                0x0000000008002980                DMA1_Stream0_IRQHandler
                0x0000000008002980                CAN1_TX_IRQHandler
                0x0000000008002980                SVC_Handler
                0x0000000008002980                EXTI4_IRQHandler
                0x0000000008002980                FSMC_IRQHandler
                0x0000000008002980                ETH_IRQHandler
                0x0000000008002980                OTG_HS_EP1_OUT_IRQHandler
                0x0000000008002980                WWDG_IRQHandler
                0x0000000008002980                TIM2_IRQHandler
                0x0000000008002980                OTG_FS_WKUP_IRQHandler
                0x0000000008002980                TIM1_TRG_COM_TIM11_IRQHandler
                0x0000000008002980                OTG_HS_IRQHandler
                0x0000000008002980                EXTI1_IRQHandler
                0x0000000008002980                USART2_IRQHandler
                0x0000000008002980                I2C2_ER_IRQHandler
                0x0000000008002980                DMA2_Stream1_IRQHandler
                0x0000000008002980                CAN1_SCE_IRQHandler
                0x0000000008002980                FLASH_IRQHandler
                0x0000000008002980                DMA2_Stream4_IRQHandler
                0x0000000008002980                BusFault_Handler
                0x0000000008002980                OTG_FS_IRQHandler
                0x0000000008002980                SPI3_IRQHandler
                0x0000000008002980                DMA1_Stream4_IRQHandler
                0x0000000008002980                I2C1_ER_IRQHandler
                0x0000000008002980                DMA2_Stream6_IRQHandler
                0x0000000008002980                DMA1_Stream3_IRQHandler
 *fill*         0x0000000008002982        0x2 
 .text.startup  0x0000000008002984       0x14 /usr/lib/gcc/arm-none-eabi/10.3.1/../../../arm-none-eabi/lib/thumb/v7e-m/nofp/libc.a(lib_a-__call_atexit.o)
 *(.glue_7)
 .glue_7        0x0000000008002998        0x0 linker stubs
 *(.glue_7t)
 .glue_7t       0x0000000008002998        0x0 linker stubs
 *(.eh_frame)
 .eh_frame      0x0000000008002998        0x0 /usr/lib/gcc/arm-none-eabi/10.3.1/thumb/v7e-m/nofp/crtbegin.o
 *(.init)
 .init          0x0000000008002998        0x4 /usr/lib/gcc/arm-none-eabi/10.3.1/thumb/v7e-m/nofp/crti.o
                0x0000000008002998                _init
 .init          0x000000000800299c        0x8 /usr/lib/gcc/arm-none-eabi/10.3.1/thumb/v7e-m/nofp/crtn.o
 *(.fini)
 .fini          0x00000000080029a4        0x4 /usr/lib/gcc/arm-none-eabi/10.3.1/thumb/v7e-m/nofp/crti.o
                0x00000000080029a4                _fini
 .fini          0x00000000080029a8        0x8 /usr/lib/gcc/arm-none-eabi/10.3.1/thumb/v7e-m/nofp/crtn.o
                0x00000000080029b0                . = ALIGN (0x4)
                0x00000000080029b0                _etext = .

.vfp11_veneer   0x00000000080029b0        0x0
 .vfp11_veneer  0x00000000080029b0        0x0 linker stubs

.v4_bx          0x00000000080029b0        0x0
 .v4_bx         0x00000000080029b0        0x0 linker stubs

.iplt           0x00000000080029b0        0x0
 .iplt          0x00000000080029b0        0x0 /usr/lib/gcc/arm-none-eabi/10.3.1/thumb/v7e-m/nofp/crtbegin.o

.rodata         0x00000000080029b0       0x14
                0x00000000080029b0                . = ALIGN (0x4)
 *(.rodata)
 .rodata        0x00000000080029b0        0x4 /usr/lib/gcc/arm-none-eabi/10.3.1/../../../arm-none-eabi/lib/thumb/v7e-m/nofp/libc.a(lib_a-impure.o)
                0x00000000080029b0                _global_impure_ptr
 *(.rodata*)
 .rodata.APBAHBPrescTable
                0x00000000080029b4       0x10 CMakeFiles/STM32V3.elf.dir/Drivers/STM32F4xx_HAL_Driver/Src/stm32f4xx_hal_rcc.c.obj
                0x00000000080029b4                APBAHBPrescTable
                0x00000000080029c4                . = ALIGN (0x4)

.ARM.extab      0x00000000080029c4        0x0
                0x00000000080029c4                . = ALIGN (0x4)
 *(.ARM.extab* .gnu.linkonce.armextab.*)
                0x00000000080029c4                . = ALIGN (0x4)

.ARM            0x00000000080029c4        0x8
                0x00000000080029c4                . = ALIGN (0x4)
                0x00000000080029c4                __exidx_start = .
 *(.ARM.exidx*)
 .ARM.exidx     0x00000000080029c4        0x8 /usr/lib/gcc/arm-none-eabi/10.3.1/thumb/v7e-m/nofp/libgcc.a(_udivmoddi4.o)
                0x00000000080029cc                __exidx_end = .
                0x00000000080029cc                . = ALIGN (0x4)

.preinit_array  0x00000000080029cc        0x0
                0x00000000080029cc                . = ALIGN (0x4)
                0x00000000080029cc                PROVIDE (__preinit_array_start = .)
 *(.preinit_array*)
                0x00000000080029cc                PROVIDE (__preinit_array_end = .)
                0x00000000080029cc                . = ALIGN (0x4)

.init_array     0x00000000080029cc        0x8
                0x00000000080029cc                . = ALIGN (0x4)
                0x00000000080029cc                PROVIDE (__init_array_start = .)
 *(SORT_BY_NAME(.init_array.*))
 .init_array.00000
                0x00000000080029cc        0x4 /usr/lib/gcc/arm-none-eabi/10.3.1/../../../arm-none-eabi/lib/thumb/v7e-m/nofp/libc.a(lib_a-__call_atexit.o)
 *(.init_array*)
 .init_array    0x00000000080029d0        0x4 /usr/lib/gcc/arm-none-eabi/10.3.1/thumb/v7e-m/nofp/crtbegin.o
                0x00000000080029d4                PROVIDE (__init_array_end = .)
                0x00000000080029d4                . = ALIGN (0x4)

.fini_array     0x00000000080029d4        0x4
                0x00000000080029d4                . = ALIGN (0x4)
                0x00000000080029d4                PROVIDE (__fini_array_start = .)
 *(SORT_BY_NAME(.fini_array.*))
 *(.fini_array*)
 .fini_array    0x00000000080029d4        0x4 /usr/lib/gcc/arm-none-eabi/10.3.1/thumb/v7e-m/nofp/crtbegin.o
                0x00000000080029d8                PROVIDE (__fini_array_end = .)
                0x00000000080029d8                . = ALIGN (0x4)
                0x00000000080029d8                _sidata = LOADADDR (.data)

.rel.dyn        0x00000000080029d8        0x0
 .rel.iplt      0x00000000080029d8        0x0 /usr/lib/gcc/arm-none-eabi/10.3.1/thumb/v7e-m/nofp/crtbegin.o

.data           0x0000000020000000      0x440 load address 0x00000000080029d8
                0x0000000020000000                . = ALIGN (0x4)
                0x0000000020000000                _sdata = .
 *(.data)
 .data          0x0000000020000000      0x430 /usr/lib/gcc/arm-none-eabi/10.3.1/../../../arm-none-eabi/lib/thumb/v7e-m/nofp/libc.a(lib_a-impure.o)
                0x0000000020000000                _impure_ptr
 *(.data*)
 .data.controlFlowChecksum
                0x0000000020000430        0x4 CMakeFiles/STM32V3.elf.dir/Src/state_machine.c.obj
                0x0000000020000430                controlFlowChecksum
 .data.now_state
                0x0000000020000434        0x1 CMakeFiles/STM32V3.elf.dir/Src/state_machine.c.obj
                0x0000000020000434                now_state
 .data.saved_state
                0x0000000020000435        0x1 CMakeFiles/STM32V3.elf.dir/Src/state_machine.c.obj
                0x0000000020000435                saved_state
 *fill*         0x0000000020000436        0x2 
 .data.SystemCoreClock
                0x0000000020000438        0x4 CMakeFiles/STM32V3.elf.dir/Src/system_stm32f4xx.c.obj
                0x0000000020000438                SystemCoreClock
 .data.I2CTimeout
                0x000000002000043c        0x4 CMakeFiles/STM32V3.elf.dir/Src/zlg7290.c.obj
                0x000000002000043c                I2CTimeout
 *(.RamFunc)
 *(.RamFunc*)
                0x0000000020000440                . = ALIGN (0x4)
                0x0000000020000440                _edata = .
                0x0000000008002e18                _siccmram = LOADADDR (.ccmram)

.tm_clone_table
                0x0000000020000440        0x0 load address 0x0000000008002e18
 .tm_clone_table
                0x0000000020000440        0x0 /usr/lib/gcc/arm-none-eabi/10.3.1/thumb/v7e-m/nofp/crtbegin.o
 .tm_clone_table
                0x0000000020000440        0x0 /usr/lib/gcc/arm-none-eabi/10.3.1/thumb/v7e-m/nofp/crtend.o

.igot.plt       0x0000000020000440        0x0 load address 0x0000000008002e18
 .igot.plt      0x0000000020000440        0x0 /usr/lib/gcc/arm-none-eabi/10.3.1/thumb/v7e-m/nofp/crtbegin.o

.ccmram         0x0000000010000000        0x0 load address 0x0000000008002e18
                0x0000000010000000                . = ALIGN (0x4)
                0x0000000010000000                _sccmram = .
 *(.ccmram)
 *(.ccmram*)
                0x0000000010000000                . = ALIGN (0x4)
                0x0000000010000000                _eccmram = .
                0x0000000010000000                . = ALIGN (0x4)

.bss            0x0000000020000440       0xe0
                0x0000000020000440                _sbss = .
                0x0000000020000440                __bss_start__ = _sbss
 *(.bss)
 .bss           0x0000000020000440       0x1c /usr/lib/gcc/arm-none-eabi/10.3.1/thumb/v7e-m/nofp/crtbegin.o
 *(.bss*)
 .bss.uwTick    0x000000002000045c        0x4 CMakeFiles/STM32V3.elf.dir/Drivers/STM32F4xx_HAL_Driver/Src/stm32f4xx_hal.c.obj
 .bss.bottom_num
                0x0000000020000460        0x1 CMakeFiles/STM32V3.elf.dir/Src/button.c.obj
                0x0000000020000460                bottom_num
 *fill*         0x0000000020000461        0x7 
 .bss.now_time  0x0000000020000468        0x8 CMakeFiles/STM32V3.elf.dir/Src/button.c.obj
                0x0000000020000468                now_time
 .bss.read_buffer
                0x0000000020000470        0x8 CMakeFiles/STM32V3.elf.dir/Src/button.c.obj
                0x0000000020000470                read_buffer
 .bss.time_buffer
                0x0000000020000478        0x8 CMakeFiles/STM32V3.elf.dir/Src/button.c.obj
                0x0000000020000478                time_buffer
 .bss.hcrc      0x0000000020000480        0x8 CMakeFiles/STM32V3.elf.dir/Src/crc.c.obj
                0x0000000020000480                hcrc
 .bss.hi2c1     0x0000000020000488       0x3c CMakeFiles/STM32V3.elf.dir/Src/i2c.c.obj
                0x0000000020000488                hi2c1
 .bss.uwTick    0x00000000200004c4        0x4 CMakeFiles/STM32V3.elf.dir/Src/irq_handle.c.obj
 .bss.hrng      0x00000000200004c8        0xc CMakeFiles/STM32V3.elf.dir/Src/rng.c.obj
                0x00000000200004c8                hrng
 .bss.event_queue
                0x00000000200004d4        0x8 CMakeFiles/STM32V3.elf.dir/Src/state_machine.c.obj
                0x00000000200004d4                event_queue
 .bss.event_queue_head
                0x00000000200004dc        0x1 CMakeFiles/STM32V3.elf.dir/Src/state_machine.c.obj
                0x00000000200004dc                event_queue_head
 .bss.event_queue_size
                0x00000000200004dd        0x1 CMakeFiles/STM32V3.elf.dir/Src/state_machine.c.obj
                0x00000000200004dd                event_queue_size
 .bss.event_queue_tail
                0x00000000200004de        0x1 CMakeFiles/STM32V3.elf.dir/Src/state_machine.c.obj
                0x00000000200004de                event_queue_tail
 *fill*         0x00000000200004df        0x1 
 .bss.huart1    0x00000000200004e0       0x40 CMakeFiles/STM32V3.elf.dir/Src/usart.c.obj
                0x00000000200004e0                huart1
 *(COMMON)
                0x0000000020000520                . = ALIGN (0x4)
                0x0000000020000520                _ebss = .
                0x0000000020000520                __bss_end__ = _ebss

.noinit         0x0000000020000520        0x4
 .noinit        0x0000000020000520        0x4 CMakeFiles/STM32V3.elf.dir/Src/main.c.obj
                0x0000000020000520                cold_start

._user_heap_stack
                0x0000000020000524      0x604
                0x0000000020000528                . = ALIGN (0x8)
 *fill*         0x0000000020000524        0x4 
                [!provide]                        PROVIDE (end = .)
                0x0000000020000528                PROVIDE (_end = .)
                0x0000000020000728                . = (. + _Min_Heap_Size)
 *fill*         0x0000000020000528      0x200 
                0x0000000020000b28                . = (. + _Min_Stack_Size)
 *fill*         0x0000000020000728      0x400 
                0x0000000020000b28                . = ALIGN (0x8)

/DISCARD/
 libc.a(*)
 libm.a(*)
 libgcc.a(*)

.ARM.attributes
                0x0000000000000000       0x2a
 *(.ARM.attributes)
 .ARM.attributes
                0x0000000000000000       0x1e /usr/lib/gcc/arm-none-eabi/10.3.1/thumb/v7e-m/nofp/crti.o
 .ARM.attributes
                0x000000000000001e       0x2e /usr/lib/gcc/arm-none-eabi/10.3.1/thumb/v7e-m/nofp/crtbegin.o
 .ARM.attributes
                0x000000000000004c       0x2e CMakeFiles/STM32V3.elf.dir/Drivers/STM32F4xx_HAL_Driver/Src/stm32f4xx_hal.c.obj
 .ARM.attributes
                0x000000000000007a       0x2e CMakeFiles/STM32V3.elf.dir/Drivers/STM32F4xx_HAL_Driver/Src/stm32f4xx_hal_cortex.c.obj
 .ARM.attributes
                0x00000000000000a8       0x2e CMakeFiles/STM32V3.elf.dir/Drivers/STM32F4xx_HAL_Driver/Src/stm32f4xx_hal_crc.c.obj
 .ARM.attributes
                0x00000000000000d6       0x2e CMakeFiles/STM32V3.elf.dir/Drivers/STM32F4xx_HAL_Driver/Src/stm32f4xx_hal_gpio.c.obj
 .ARM.attributes
                0x0000000000000104       0x2e CMakeFiles/STM32V3.elf.dir/Drivers/STM32F4xx_HAL_Driver/Src/stm32f4xx_hal_i2c.c.obj
 .ARM.attributes
                0x0000000000000132       0x2e CMakeFiles/STM32V3.elf.dir/Drivers/STM32F4xx_HAL_Driver/Src/stm32f4xx_hal_pwr.c.obj
 .ARM.attributes
                0x0000000000000160       0x2e CMakeFiles/STM32V3.elf.dir/Drivers/STM32F4xx_HAL_Driver/Src/stm32f4xx_hal_rcc.c.obj
 .ARM.attributes
                0x000000000000018e       0x2e CMakeFiles/STM32V3.elf.dir/Drivers/STM32F4xx_HAL_Driver/Src/stm32f4xx_hal_rng.c.obj
 .ARM.attributes
                0x00000000000001bc       0x2e CMakeFiles/STM32V3.elf.dir/Drivers/STM32F4xx_HAL_Driver/Src/stm32f4xx_hal_uart.c.obj
 .ARM.attributes
                0x00000000000001ea       0x2e CMakeFiles/STM32V3.elf.dir/Src/beep.c.obj
 .ARM.attributes
                0x0000000000000218       0x2e CMakeFiles/STM32V3.elf.dir/Src/button.c.obj
 .ARM.attributes
                0x0000000000000246       0x2e CMakeFiles/STM32V3.elf.dir/Src/crc.c.obj
 .ARM.attributes
                0x0000000000000274       0x2e CMakeFiles/STM32V3.elf.dir/Src/gpio.c.obj
 .ARM.attributes
                0x00000000000002a2       0x2e CMakeFiles/STM32V3.elf.dir/Src/i2c.c.obj
 .ARM.attributes
                0x00000000000002d0       0x2e CMakeFiles/STM32V3.elf.dir/Src/irq_handle.c.obj
 .ARM.attributes
                0x00000000000002fe       0x2e CMakeFiles/STM32V3.elf.dir/Src/main.c.obj
 .ARM.attributes
                0x000000000000032c       0x2e CMakeFiles/STM32V3.elf.dir/Src/rng.c.obj
 .ARM.attributes
                0x000000000000035a       0x2e CMakeFiles/STM32V3.elf.dir/Src/state_machine.c.obj
 .ARM.attributes
                0x0000000000000388       0x2e CMakeFiles/STM32V3.elf.dir/Src/stm32f4xx_hal_msp.c.obj
 .ARM.attributes
                0x00000000000003b6       0x2e CMakeFiles/STM32V3.elf.dir/Src/stm32f4xx_it.c.obj
 .ARM.attributes
                0x00000000000003e4       0x2e CMakeFiles/STM32V3.elf.dir/Src/system_stm32f4xx.c.obj
 .ARM.attributes
                0x0000000000000412       0x2e CMakeFiles/STM32V3.elf.dir/Src/usart.c.obj
 .ARM.attributes
                0x0000000000000440       0x2e CMakeFiles/STM32V3.elf.dir/Src/zlg7290.c.obj
 .ARM.attributes
                0x000000000000046e       0x21 CMakeFiles/STM32V3.elf.dir/Startup/startup_stm32f407igtx.s.obj
 .ARM.attributes
                0x000000000000048f       0x1e /usr/lib/gcc/arm-none-eabi/10.3.1/thumb/v7e-m/nofp/libgcc.a(_aeabi_uldivmod.o)
 .ARM.attributes
                0x00000000000004ad       0x2e /usr/lib/gcc/arm-none-eabi/10.3.1/thumb/v7e-m/nofp/libgcc.a(_udivmoddi4.o)
 .ARM.attributes
                0x00000000000004db       0x1e /usr/lib/gcc/arm-none-eabi/10.3.1/thumb/v7e-m/nofp/libgcc.a(_dvmd_tls.o)
 .ARM.attributes
                0x00000000000004f9       0x2e /usr/lib/gcc/arm-none-eabi/10.3.1/../../../arm-none-eabi/lib/thumb/v7e-m/nofp/libc.a(lib_a-atexit.o)
 .ARM.attributes
                0x0000000000000527       0x2e /usr/lib/gcc/arm-none-eabi/10.3.1/../../../arm-none-eabi/lib/thumb/v7e-m/nofp/libc.a(lib_a-fini.o)
 .ARM.attributes
                0x0000000000000555       0x2e /usr/lib/gcc/arm-none-eabi/10.3.1/../../../arm-none-eabi/lib/thumb/v7e-m/nofp/libc.a(lib_a-impure.o)
 .ARM.attributes
                0x0000000000000583       0x2e /usr/lib/gcc/arm-none-eabi/10.3.1/../../../arm-none-eabi/lib/thumb/v7e-m/nofp/libc.a(lib_a-init.o)
 .ARM.attributes
                0x00000000000005b1       0x2e /usr/lib/gcc/arm-none-eabi/10.3.1/../../../arm-none-eabi/lib/thumb/v7e-m/nofp/libc.a(lib_a-memset.o)
 .ARM.attributes
                0x00000000000005df       0x2e /usr/lib/gcc/arm-none-eabi/10.3.1/../../../arm-none-eabi/lib/thumb/v7e-m/nofp/libc.a(lib_a-__atexit.o)
 .ARM.attributes
                0x000000000000060d       0x2e /usr/lib/gcc/arm-none-eabi/10.3.1/../../../arm-none-eabi/lib/thumb/v7e-m/nofp/libc.a(lib_a-__call_atexit.o)
 .ARM.attributes
                0x000000000000063b       0x2e /usr/lib/gcc/arm-none-eabi/10.3.1/thumb/v7e-m/nofp/crtend.o
 .ARM.attributes
                0x0000000000000669       0x1e /usr/lib/gcc/arm-none-eabi/10.3.1/thumb/v7e-m/nofp/crtn.o
OUTPUT(STM32V3.elf elf32-littlearm)
LOAD linker stubs
LOAD /usr/lib/gcc/arm-none-eabi/10.3.1/../../../arm-none-eabi/lib/thumb/v7e-m/nofp/libc.a
LOAD /usr/lib/gcc/arm-none-eabi/10.3.1/../../../arm-none-eabi/lib/thumb/v7e-m/nofp/libm.a
LOAD /usr/lib/gcc/arm-none-eabi/10.3.1/thumb/v7e-m/nofp/libgcc.a

.comment        0x0000000000000000       0x33
 .comment       0x0000000000000000       0x33 /usr/lib/gcc/arm-none-eabi/10.3.1/thumb/v7e-m/nofp/crtbegin.o
                                         0x34 (size before relaxing)
 .comment       0x0000000000000033       0x34 CMakeFiles/STM32V3.elf.dir/Drivers/STM32F4xx_HAL_Driver/Src/stm32f4xx_hal.c.obj
 .comment       0x0000000000000033       0x34 CMakeFiles/STM32V3.elf.dir/Drivers/STM32F4xx_HAL_Driver/Src/stm32f4xx_hal_cortex.c.obj
 .comment       0x0000000000000033       0x34 CMakeFiles/STM32V3.elf.dir/Drivers/STM32F4xx_HAL_Driver/Src/stm32f4xx_hal_crc.c.obj
 .comment       0x0000000000000033       0x34 CMakeFiles/STM32V3.elf.dir/Drivers/STM32F4xx_HAL_Driver/Src/stm32f4xx_hal_gpio.c.obj
 .comment       0x0000000000000033       0x34 CMakeFiles/STM32V3.elf.dir/Drivers/STM32F4xx_HAL_Driver/Src/stm32f4xx_hal_i2c.c.obj
 .comment       0x0000000000000033       0x34 CMakeFiles/STM32V3.elf.dir/Drivers/STM32F4xx_HAL_Driver/Src/stm32f4xx_hal_pwr.c.obj
 .comment       0x0000000000000033       0x34 CMakeFiles/STM32V3.elf.dir/Drivers/STM32F4xx_HAL_Driver/Src/stm32f4xx_hal_rcc.c.obj
 .comment       0x0000000000000033       0x34 CMakeFiles/STM32V3.elf.dir/Drivers/STM32F4xx_HAL_Driver/Src/stm32f4xx_hal_rng.c.obj
 .comment       0x0000000000000033       0x34 CMakeFiles/STM32V3.elf.dir/Drivers/STM32F4xx_HAL_Driver/Src/stm32f4xx_hal_uart.c.obj
 .comment       0x0000000000000033       0x34 CMakeFiles/STM32V3.elf.dir/Src/beep.c.obj
 .comment       0x0000000000000033       0x34 CMakeFiles/STM32V3.elf.dir/Src/button.c.obj
 .comment       0x0000000000000033       0x34 CMakeFiles/STM32V3.elf.dir/Src/crc.c.obj
 .comment       0x0000000000000033       0x34 CMakeFiles/STM32V3.elf.dir/Src/gpio.c.obj
 .comment       0x0000000000000033       0x34 CMakeFiles/STM32V3.elf.dir/Src/i2c.c.obj
 .comment       0x0000000000000033       0x34 CMakeFiles/STM32V3.elf.dir/Src/irq_handle.c.obj
 .comment       0x0000000000000033       0x34 CMakeFiles/STM32V3.elf.dir/Src/main.c.obj
 .comment       0x0000000000000033       0x34 CMakeFiles/STM32V3.elf.dir/Src/rng.c.obj
 .comment       0x0000000000000033       0x34 CMakeFiles/STM32V3.elf.dir/Src/state_machine.c.obj
 .comment       0x0000000000000033       0x34 CMakeFiles/STM32V3.elf.dir/Src/stm32f4xx_hal_msp.c.obj
 .comment       0x0000000000000033       0x34 CMakeFiles/STM32V3.elf.dir/Src/stm32f4xx_it.c.obj
 .comment       0x0000000000000033       0x34 CMakeFiles/STM32V3.elf.dir/Src/system_stm32f4xx.c.obj
 .comment       0x0000000000000033       0x34 CMakeFiles/STM32V3.elf.dir/Src/usart.c.obj
 .comment       0x0000000000000033       0x34 CMakeFiles/STM32V3.elf.dir/Src/zlg7290.c.obj
 .comment       0x0000000000000033       0x34 /usr/lib/gcc/arm-none-eabi/10.3.1/thumb/v7e-m/nofp/libgcc.a(_udivmoddi4.o)
 .comment       0x0000000000000033       0x34 /usr/lib/gcc/arm-none-eabi/10.3.1/../../../arm-none-eabi/lib/thumb/v7e-m/nofp/libc.a(lib_a-atexit.o)
 .comment       0x0000000000000033       0x34 /usr/lib/gcc/arm-none-eabi/10.3.1/../../../arm-none-eabi/lib/thumb/v7e-m/nofp/libc.a(lib_a-fini.o)
 .comment       0x0000000000000033       0x34 /usr/lib/gcc/arm-none-eabi/10.3.1/../../../arm-none-eabi/lib/thumb/v7e-m/nofp/libc.a(lib_a-impure.o)
 .comment       0x0000000000000033       0x34 /usr/lib/gcc/arm-none-eabi/10.3.1/../../../arm-none-eabi/lib/thumb/v7e-m/nofp/libc.a(lib_a-init.o)
 .comment       0x0000000000000033       0x34 /usr/lib/gcc/arm-none-eabi/10.3.1/../../../arm-none-eabi/lib/thumb/v7e-m/nofp/libc.a(lib_a-memset.o)
 .comment       0x0000000000000033       0x34 /usr/lib/gcc/arm-none-eabi/10.3.1/../../../arm-none-eabi/lib/thumb/v7e-m/nofp/libc.a(lib_a-__atexit.o)
 .comment       0x0000000000000033       0x34 /usr/lib/gcc/arm-none-eabi/10.3.1/../../../arm-none-eabi/lib/thumb/v7e-m/nofp/libc.a(lib_a-__call_atexit.o)
 .comment       0x0000000000000033       0x34 /usr/lib/gcc/arm-none-eabi/10.3.1/thumb/v7e-m/nofp/crtend.o

.debug_info     0x0000000000000000    0x106ae
 .debug_info    0x0000000000000000      0x935 CMakeFiles/STM32V3.elf.dir/Drivers/STM32F4xx_HAL_Driver/Src/stm32f4xx_hal.c.obj
 .debug_info    0x0000000000000935      0xfcf CMakeFiles/STM32V3.elf.dir/Drivers/STM32F4xx_HAL_Driver/Src/stm32f4xx_hal_cortex.c.obj
 .debug_info    0x0000000000001904      0x3a3 CMakeFiles/STM32V3.elf.dir/Drivers/STM32F4xx_HAL_Driver/Src/stm32f4xx_hal_crc.c.obj
 .debug_info    0x0000000000001ca7      0x77f CMakeFiles/STM32V3.elf.dir/Drivers/STM32F4xx_HAL_Driver/Src/stm32f4xx_hal_gpio.c.obj
 .debug_info    0x0000000000002426     0x2c2d CMakeFiles/STM32V3.elf.dir/Drivers/STM32F4xx_HAL_Driver/Src/stm32f4xx_hal_i2c.c.obj
 .debug_info    0x0000000000005053      0x8e3 CMakeFiles/STM32V3.elf.dir/Drivers/STM32F4xx_HAL_Driver/Src/stm32f4xx_hal_pwr.c.obj
 .debug_info    0x0000000000005936      0xe0f CMakeFiles/STM32V3.elf.dir/Drivers/STM32F4xx_HAL_Driver/Src/stm32f4xx_hal_rcc.c.obj
 .debug_info    0x0000000000006745      0x50d CMakeFiles/STM32V3.elf.dir/Drivers/STM32F4xx_HAL_Driver/Src/stm32f4xx_hal_rng.c.obj
 .debug_info    0x0000000000006c52     0x13d2 CMakeFiles/STM32V3.elf.dir/Drivers/STM32F4xx_HAL_Driver/Src/stm32f4xx_hal_uart.c.obj
 .debug_info    0x0000000000008024      0x22f CMakeFiles/STM32V3.elf.dir/Src/beep.c.obj
 .debug_info    0x0000000000008253      0x864 CMakeFiles/STM32V3.elf.dir/Src/button.c.obj
 .debug_info    0x0000000000008ab7      0x470 CMakeFiles/STM32V3.elf.dir/Src/crc.c.obj
 .debug_info    0x0000000000008f27      0x83c CMakeFiles/STM32V3.elf.dir/Src/gpio.c.obj
 .debug_info    0x0000000000009763      0x9a8 CMakeFiles/STM32V3.elf.dir/Src/i2c.c.obj
 .debug_info    0x000000000000a10b      0x728 CMakeFiles/STM32V3.elf.dir/Src/irq_handle.c.obj
 .debug_info    0x000000000000a833      0x7a9 CMakeFiles/STM32V3.elf.dir/Src/main.c.obj
 .debug_info    0x000000000000afdc      0x6dd CMakeFiles/STM32V3.elf.dir/Src/rng.c.obj
 .debug_info    0x000000000000b6b9      0x514 CMakeFiles/STM32V3.elf.dir/Src/state_machine.c.obj
 .debug_info    0x000000000000bbcd      0x29f CMakeFiles/STM32V3.elf.dir/Src/stm32f4xx_hal_msp.c.obj
 .debug_info    0x000000000000be6c      0x6c8 CMakeFiles/STM32V3.elf.dir/Src/stm32f4xx_it.c.obj
 .debug_info    0x000000000000c534      0x4f0 CMakeFiles/STM32V3.elf.dir/Src/system_stm32f4xx.c.obj
 .debug_info    0x000000000000ca24      0xc08 CMakeFiles/STM32V3.elf.dir/Src/usart.c.obj
 .debug_info    0x000000000000d62c      0x793 CMakeFiles/STM32V3.elf.dir/Src/zlg7290.c.obj
 .debug_info    0x000000000000ddbf       0x22 CMakeFiles/STM32V3.elf.dir/Startup/startup_stm32f407igtx.s.obj
 .debug_info    0x000000000000dde1       0x26 /usr/lib/gcc/arm-none-eabi/10.3.1/thumb/v7e-m/nofp/libgcc.a(_aeabi_uldivmod.o)
 .debug_info    0x000000000000de07      0x717 /usr/lib/gcc/arm-none-eabi/10.3.1/thumb/v7e-m/nofp/libgcc.a(_udivmoddi4.o)
 .debug_info    0x000000000000e51e       0x26 /usr/lib/gcc/arm-none-eabi/10.3.1/thumb/v7e-m/nofp/libgcc.a(_dvmd_tls.o)
 .debug_info    0x000000000000e544      0x100 /usr/lib/gcc/arm-none-eabi/10.3.1/../../../arm-none-eabi/lib/thumb/v7e-m/nofp/libc.a(lib_a-atexit.o)
 .debug_info    0x000000000000e644      0x102 /usr/lib/gcc/arm-none-eabi/10.3.1/../../../arm-none-eabi/lib/thumb/v7e-m/nofp/libc.a(lib_a-fini.o)
 .debug_info    0x000000000000e746      0x92a /usr/lib/gcc/arm-none-eabi/10.3.1/../../../arm-none-eabi/lib/thumb/v7e-m/nofp/libc.a(lib_a-impure.o)
 .debug_info    0x000000000000f070      0x11a /usr/lib/gcc/arm-none-eabi/10.3.1/../../../arm-none-eabi/lib/thumb/v7e-m/nofp/libc.a(lib_a-init.o)
 .debug_info    0x000000000000f18a      0x137 /usr/lib/gcc/arm-none-eabi/10.3.1/../../../arm-none-eabi/lib/thumb/v7e-m/nofp/libc.a(lib_a-memset.o)
 .debug_info    0x000000000000f2c1      0x9b0 /usr/lib/gcc/arm-none-eabi/10.3.1/../../../arm-none-eabi/lib/thumb/v7e-m/nofp/libc.a(lib_a-__atexit.o)
 .debug_info    0x000000000000fc71      0xa3d /usr/lib/gcc/arm-none-eabi/10.3.1/../../../arm-none-eabi/lib/thumb/v7e-m/nofp/libc.a(lib_a-__call_atexit.o)

.debug_abbrev   0x0000000000000000     0x353e
 .debug_abbrev  0x0000000000000000      0x242 CMakeFiles/STM32V3.elf.dir/Drivers/STM32F4xx_HAL_Driver/Src/stm32f4xx_hal.c.obj
 .debug_abbrev  0x0000000000000242      0x356 CMakeFiles/STM32V3.elf.dir/Drivers/STM32F4xx_HAL_Driver/Src/stm32f4xx_hal_cortex.c.obj
 .debug_abbrev  0x0000000000000598      0x1c2 CMakeFiles/STM32V3.elf.dir/Drivers/STM32F4xx_HAL_Driver/Src/stm32f4xx_hal_crc.c.obj
 .debug_abbrev  0x000000000000075a      0x1ef CMakeFiles/STM32V3.elf.dir/Drivers/STM32F4xx_HAL_Driver/Src/stm32f4xx_hal_gpio.c.obj
 .debug_abbrev  0x0000000000000949      0x22d CMakeFiles/STM32V3.elf.dir/Drivers/STM32F4xx_HAL_Driver/Src/stm32f4xx_hal_i2c.c.obj
 .debug_abbrev  0x0000000000000b76      0x20d CMakeFiles/STM32V3.elf.dir/Drivers/STM32F4xx_HAL_Driver/Src/stm32f4xx_hal_pwr.c.obj
 .debug_abbrev  0x0000000000000d83      0x2e2 CMakeFiles/STM32V3.elf.dir/Drivers/STM32F4xx_HAL_Driver/Src/stm32f4xx_hal_rcc.c.obj
 .debug_abbrev  0x0000000000001065      0x1e5 CMakeFiles/STM32V3.elf.dir/Drivers/STM32F4xx_HAL_Driver/Src/stm32f4xx_hal_rng.c.obj
 .debug_abbrev  0x000000000000124a      0x25f CMakeFiles/STM32V3.elf.dir/Drivers/STM32F4xx_HAL_Driver/Src/stm32f4xx_hal_uart.c.obj
 .debug_abbrev  0x00000000000014a9      0x115 CMakeFiles/STM32V3.elf.dir/Src/beep.c.obj
 .debug_abbrev  0x00000000000015be      0x1d4 CMakeFiles/STM32V3.elf.dir/Src/button.c.obj
 .debug_abbrev  0x0000000000001792      0x177 CMakeFiles/STM32V3.elf.dir/Src/crc.c.obj
 .debug_abbrev  0x0000000000001909      0x16a CMakeFiles/STM32V3.elf.dir/Src/gpio.c.obj
 .debug_abbrev  0x0000000000001a73      0x1d3 CMakeFiles/STM32V3.elf.dir/Src/i2c.c.obj
 .debug_abbrev  0x0000000000001c46      0x198 CMakeFiles/STM32V3.elf.dir/Src/irq_handle.c.obj
 .debug_abbrev  0x0000000000001dde      0x1e6 CMakeFiles/STM32V3.elf.dir/Src/main.c.obj
 .debug_abbrev  0x0000000000001fc4      0x1a3 CMakeFiles/STM32V3.elf.dir/Src/rng.c.obj
 .debug_abbrev  0x0000000000002167      0x1c0 CMakeFiles/STM32V3.elf.dir/Src/state_machine.c.obj
 .debug_abbrev  0x0000000000002327       0xd1 CMakeFiles/STM32V3.elf.dir/Src/stm32f4xx_hal_msp.c.obj
 .debug_abbrev  0x00000000000023f8      0x164 CMakeFiles/STM32V3.elf.dir/Src/stm32f4xx_it.c.obj
 .debug_abbrev  0x000000000000255c      0x12c CMakeFiles/STM32V3.elf.dir/Src/system_stm32f4xx.c.obj
 .debug_abbrev  0x0000000000002688      0x1dc CMakeFiles/STM32V3.elf.dir/Src/usart.c.obj
 .debug_abbrev  0x0000000000002864      0x18e CMakeFiles/STM32V3.elf.dir/Src/zlg7290.c.obj
 .debug_abbrev  0x00000000000029f2       0x12 CMakeFiles/STM32V3.elf.dir/Startup/startup_stm32f407igtx.s.obj
 .debug_abbrev  0x0000000000002a04       0x14 /usr/lib/gcc/arm-none-eabi/10.3.1/thumb/v7e-m/nofp/libgcc.a(_aeabi_uldivmod.o)
 .debug_abbrev  0x0000000000002a18      0x163 /usr/lib/gcc/arm-none-eabi/10.3.1/thumb/v7e-m/nofp/libgcc.a(_udivmoddi4.o)
 .debug_abbrev  0x0000000000002b7b       0x14 /usr/lib/gcc/arm-none-eabi/10.3.1/thumb/v7e-m/nofp/libgcc.a(_dvmd_tls.o)
 .debug_abbrev  0x0000000000002b8f       0xb7 /usr/lib/gcc/arm-none-eabi/10.3.1/../../../arm-none-eabi/lib/thumb/v7e-m/nofp/libc.a(lib_a-atexit.o)
 .debug_abbrev  0x0000000000002c46       0xcf /usr/lib/gcc/arm-none-eabi/10.3.1/../../../arm-none-eabi/lib/thumb/v7e-m/nofp/libc.a(lib_a-fini.o)
 .debug_abbrev  0x0000000000002d15      0x1b8 /usr/lib/gcc/arm-none-eabi/10.3.1/../../../arm-none-eabi/lib/thumb/v7e-m/nofp/libc.a(lib_a-impure.o)
 .debug_abbrev  0x0000000000002ecd       0xcc /usr/lib/gcc/arm-none-eabi/10.3.1/../../../arm-none-eabi/lib/thumb/v7e-m/nofp/libc.a(lib_a-init.o)
 .debug_abbrev  0x0000000000002f99       0xb4 /usr/lib/gcc/arm-none-eabi/10.3.1/../../../arm-none-eabi/lib/thumb/v7e-m/nofp/libc.a(lib_a-memset.o)
 .debug_abbrev  0x000000000000304d      0x23f /usr/lib/gcc/arm-none-eabi/10.3.1/../../../arm-none-eabi/lib/thumb/v7e-m/nofp/libc.a(lib_a-__atexit.o)
 .debug_abbrev  0x000000000000328c      0x2b2 /usr/lib/gcc/arm-none-eabi/10.3.1/../../../arm-none-eabi/lib/thumb/v7e-m/nofp/libc.a(lib_a-__call_atexit.o)

.debug_loc      0x0000000000000000     0x7d77
 .debug_loc     0x0000000000000000       0xdb CMakeFiles/STM32V3.elf.dir/Drivers/STM32F4xx_HAL_Driver/Src/stm32f4xx_hal.c.obj
 .debug_loc     0x00000000000000db      0x71f CMakeFiles/STM32V3.elf.dir/Drivers/STM32F4xx_HAL_Driver/Src/stm32f4xx_hal_cortex.c.obj
 .debug_loc     0x00000000000007fa      0x1a3 CMakeFiles/STM32V3.elf.dir/Drivers/STM32F4xx_HAL_Driver/Src/stm32f4xx_hal_crc.c.obj
 .debug_loc     0x000000000000099d      0x545 CMakeFiles/STM32V3.elf.dir/Drivers/STM32F4xx_HAL_Driver/Src/stm32f4xx_hal_gpio.c.obj
 .debug_loc     0x0000000000000ee2     0x2ee0 CMakeFiles/STM32V3.elf.dir/Drivers/STM32F4xx_HAL_Driver/Src/stm32f4xx_hal_i2c.c.obj
 .debug_loc     0x0000000000003dc2       0xb0 CMakeFiles/STM32V3.elf.dir/Drivers/STM32F4xx_HAL_Driver/Src/stm32f4xx_hal_pwr.c.obj
 .debug_loc     0x0000000000003e72      0x8e6 CMakeFiles/STM32V3.elf.dir/Drivers/STM32F4xx_HAL_Driver/Src/stm32f4xx_hal_rcc.c.obj
 .debug_loc     0x0000000000004758      0x363 CMakeFiles/STM32V3.elf.dir/Drivers/STM32F4xx_HAL_Driver/Src/stm32f4xx_hal_rng.c.obj
 .debug_loc     0x0000000000004abb     0x1483 CMakeFiles/STM32V3.elf.dir/Drivers/STM32F4xx_HAL_Driver/Src/stm32f4xx_hal_uart.c.obj
 .debug_loc     0x0000000000005f3e       0x64 CMakeFiles/STM32V3.elf.dir/Src/beep.c.obj
 .debug_loc     0x0000000000005fa2       0x3a CMakeFiles/STM32V3.elf.dir/Src/button.c.obj
 .debug_loc     0x0000000000005fdc       0x67 CMakeFiles/STM32V3.elf.dir/Src/i2c.c.obj
 .debug_loc     0x0000000000006043       0x47 CMakeFiles/STM32V3.elf.dir/Src/irq_handle.c.obj
 .debug_loc     0x000000000000608a       0x67 CMakeFiles/STM32V3.elf.dir/Src/rng.c.obj
 .debug_loc     0x00000000000060f1      0x15c CMakeFiles/STM32V3.elf.dir/Src/state_machine.c.obj
 .debug_loc     0x000000000000624d      0x158 CMakeFiles/STM32V3.elf.dir/Src/system_stm32f4xx.c.obj
 .debug_loc     0x00000000000063a5       0x84 CMakeFiles/STM32V3.elf.dir/Src/usart.c.obj
 .debug_loc     0x0000000000006429      0x254 CMakeFiles/STM32V3.elf.dir/Src/zlg7290.c.obj
 .debug_loc     0x000000000000667d     0x1094 /usr/lib/gcc/arm-none-eabi/10.3.1/thumb/v7e-m/nofp/libgcc.a(_udivmoddi4.o)
 .debug_loc     0x0000000000007711       0x32 /usr/lib/gcc/arm-none-eabi/10.3.1/../../../arm-none-eabi/lib/thumb/v7e-m/nofp/libc.a(lib_a-atexit.o)
 .debug_loc     0x0000000000007743       0x68 /usr/lib/gcc/arm-none-eabi/10.3.1/../../../arm-none-eabi/lib/thumb/v7e-m/nofp/libc.a(lib_a-fini.o)
 .debug_loc     0x00000000000077ab       0xba /usr/lib/gcc/arm-none-eabi/10.3.1/../../../arm-none-eabi/lib/thumb/v7e-m/nofp/libc.a(lib_a-init.o)
 .debug_loc     0x0000000000007865      0x22c /usr/lib/gcc/arm-none-eabi/10.3.1/../../../arm-none-eabi/lib/thumb/v7e-m/nofp/libc.a(lib_a-memset.o)
 .debug_loc     0x0000000000007a91      0x138 /usr/lib/gcc/arm-none-eabi/10.3.1/../../../arm-none-eabi/lib/thumb/v7e-m/nofp/libc.a(lib_a-__atexit.o)
 .debug_loc     0x0000000000007bc9      0x1ae /usr/lib/gcc/arm-none-eabi/10.3.1/../../../arm-none-eabi/lib/thumb/v7e-m/nofp/libc.a(lib_a-__call_atexit.o)

.debug_aranges  0x0000000000000000      0xae0
 .debug_aranges
                0x0000000000000000       0xc0 CMakeFiles/STM32V3.elf.dir/Drivers/STM32F4xx_HAL_Driver/Src/stm32f4xx_hal.c.obj
 .debug_aranges
                0x00000000000000c0       0x98 CMakeFiles/STM32V3.elf.dir/Drivers/STM32F4xx_HAL_Driver/Src/stm32f4xx_hal_cortex.c.obj
 .debug_aranges
                0x0000000000000158       0x50 CMakeFiles/STM32V3.elf.dir/Drivers/STM32F4xx_HAL_Driver/Src/stm32f4xx_hal_crc.c.obj
 .debug_aranges
                0x00000000000001a8       0x58 CMakeFiles/STM32V3.elf.dir/Drivers/STM32F4xx_HAL_Driver/Src/stm32f4xx_hal_gpio.c.obj
 .debug_aranges
                0x0000000000000200      0x1e8 CMakeFiles/STM32V3.elf.dir/Drivers/STM32F4xx_HAL_Driver/Src/stm32f4xx_hal_i2c.c.obj
 .debug_aranges
                0x00000000000003e8       0xa0 CMakeFiles/STM32V3.elf.dir/Drivers/STM32F4xx_HAL_Driver/Src/stm32f4xx_hal_pwr.c.obj
 .debug_aranges
                0x0000000000000488       0x88 CMakeFiles/STM32V3.elf.dir/Drivers/STM32F4xx_HAL_Driver/Src/stm32f4xx_hal_rcc.c.obj
 .debug_aranges
                0x0000000000000510       0x80 CMakeFiles/STM32V3.elf.dir/Drivers/STM32F4xx_HAL_Driver/Src/stm32f4xx_hal_rng.c.obj
 .debug_aranges
                0x0000000000000590      0x150 CMakeFiles/STM32V3.elf.dir/Drivers/STM32F4xx_HAL_Driver/Src/stm32f4xx_hal_uart.c.obj
 .debug_aranges
                0x00000000000006e0       0x28 CMakeFiles/STM32V3.elf.dir/Src/beep.c.obj
 .debug_aranges
                0x0000000000000708       0x30 CMakeFiles/STM32V3.elf.dir/Src/button.c.obj
 .debug_aranges
                0x0000000000000738       0x30 CMakeFiles/STM32V3.elf.dir/Src/crc.c.obj
 .debug_aranges
                0x0000000000000768       0x20 CMakeFiles/STM32V3.elf.dir/Src/gpio.c.obj
 .debug_aranges
                0x0000000000000788       0x30 CMakeFiles/STM32V3.elf.dir/Src/i2c.c.obj
 .debug_aranges
                0x00000000000007b8       0x28 CMakeFiles/STM32V3.elf.dir/Src/irq_handle.c.obj
 .debug_aranges
                0x00000000000007e0       0x30 CMakeFiles/STM32V3.elf.dir/Src/main.c.obj
 .debug_aranges
                0x0000000000000810       0x30 CMakeFiles/STM32V3.elf.dir/Src/rng.c.obj
 .debug_aranges
                0x0000000000000840       0x58 CMakeFiles/STM32V3.elf.dir/Src/state_machine.c.obj
 .debug_aranges
                0x0000000000000898       0x20 CMakeFiles/STM32V3.elf.dir/Src/stm32f4xx_hal_msp.c.obj
 .debug_aranges
                0x00000000000008b8       0x38 CMakeFiles/STM32V3.elf.dir/Src/stm32f4xx_it.c.obj
 .debug_aranges
                0x00000000000008f0       0x28 CMakeFiles/STM32V3.elf.dir/Src/system_stm32f4xx.c.obj
 .debug_aranges
                0x0000000000000918       0x30 CMakeFiles/STM32V3.elf.dir/Src/usart.c.obj
 .debug_aranges
                0x0000000000000948       0x30 CMakeFiles/STM32V3.elf.dir/Src/zlg7290.c.obj
 .debug_aranges
                0x0000000000000978       0x28 CMakeFiles/STM32V3.elf.dir/Startup/startup_stm32f407igtx.s.obj
 .debug_aranges
                0x00000000000009a0       0x20 /usr/lib/gcc/arm-none-eabi/10.3.1/thumb/v7e-m/nofp/libgcc.a(_aeabi_uldivmod.o)
 .debug_aranges
                0x00000000000009c0       0x20 /usr/lib/gcc/arm-none-eabi/10.3.1/thumb/v7e-m/nofp/libgcc.a(_udivmoddi4.o)
 .debug_aranges
                0x00000000000009e0       0x20 /usr/lib/gcc/arm-none-eabi/10.3.1/thumb/v7e-m/nofp/libgcc.a(_dvmd_tls.o)
 .debug_aranges
                0x0000000000000a00       0x20 /usr/lib/gcc/arm-none-eabi/10.3.1/../../../arm-none-eabi/lib/thumb/v7e-m/nofp/libc.a(lib_a-atexit.o)
 .debug_aranges
                0x0000000000000a20       0x20 /usr/lib/gcc/arm-none-eabi/10.3.1/../../../arm-none-eabi/lib/thumb/v7e-m/nofp/libc.a(lib_a-fini.o)
 .debug_aranges
                0x0000000000000a40       0x18 /usr/lib/gcc/arm-none-eabi/10.3.1/../../../arm-none-eabi/lib/thumb/v7e-m/nofp/libc.a(lib_a-impure.o)
 .debug_aranges
                0x0000000000000a58       0x20 /usr/lib/gcc/arm-none-eabi/10.3.1/../../../arm-none-eabi/lib/thumb/v7e-m/nofp/libc.a(lib_a-init.o)
 .debug_aranges
                0x0000000000000a78       0x20 /usr/lib/gcc/arm-none-eabi/10.3.1/../../../arm-none-eabi/lib/thumb/v7e-m/nofp/libc.a(lib_a-memset.o)
 .debug_aranges
                0x0000000000000a98       0x20 /usr/lib/gcc/arm-none-eabi/10.3.1/../../../arm-none-eabi/lib/thumb/v7e-m/nofp/libc.a(lib_a-__atexit.o)
 .debug_aranges
                0x0000000000000ab8       0x28 /usr/lib/gcc/arm-none-eabi/10.3.1/../../../arm-none-eabi/lib/thumb/v7e-m/nofp/libc.a(lib_a-__call_atexit.o)

.debug_ranges   0x0000000000000000      0x9d8
 .debug_ranges  0x0000000000000000       0xb0 CMakeFiles/STM32V3.elf.dir/Drivers/STM32F4xx_HAL_Driver/Src/stm32f4xx_hal.c.obj
 .debug_ranges  0x00000000000000b0       0xe8 CMakeFiles/STM32V3.elf.dir/Drivers/STM32F4xx_HAL_Driver/Src/stm32f4xx_hal_cortex.c.obj
 .debug_ranges  0x0000000000000198       0x40 CMakeFiles/STM32V3.elf.dir/Drivers/STM32F4xx_HAL_Driver/Src/stm32f4xx_hal_crc.c.obj
 .debug_ranges  0x00000000000001d8       0x48 CMakeFiles/STM32V3.elf.dir/Drivers/STM32F4xx_HAL_Driver/Src/stm32f4xx_hal_gpio.c.obj
 .debug_ranges  0x0000000000000220      0x1d8 CMakeFiles/STM32V3.elf.dir/Drivers/STM32F4xx_HAL_Driver/Src/stm32f4xx_hal_i2c.c.obj
 .debug_ranges  0x00000000000003f8       0x90 CMakeFiles/STM32V3.elf.dir/Drivers/STM32F4xx_HAL_Driver/Src/stm32f4xx_hal_pwr.c.obj
 .debug_ranges  0x0000000000000488       0x78 CMakeFiles/STM32V3.elf.dir/Drivers/STM32F4xx_HAL_Driver/Src/stm32f4xx_hal_rcc.c.obj
 .debug_ranges  0x0000000000000500       0x70 CMakeFiles/STM32V3.elf.dir/Drivers/STM32F4xx_HAL_Driver/Src/stm32f4xx_hal_rng.c.obj
 .debug_ranges  0x0000000000000570      0x140 CMakeFiles/STM32V3.elf.dir/Drivers/STM32F4xx_HAL_Driver/Src/stm32f4xx_hal_uart.c.obj
 .debug_ranges  0x00000000000006b0       0x18 CMakeFiles/STM32V3.elf.dir/Src/beep.c.obj
 .debug_ranges  0x00000000000006c8       0x20 CMakeFiles/STM32V3.elf.dir/Src/button.c.obj
 .debug_ranges  0x00000000000006e8       0x20 CMakeFiles/STM32V3.elf.dir/Src/crc.c.obj
 .debug_ranges  0x0000000000000708       0x10 CMakeFiles/STM32V3.elf.dir/Src/gpio.c.obj
 .debug_ranges  0x0000000000000718       0x20 CMakeFiles/STM32V3.elf.dir/Src/i2c.c.obj
 .debug_ranges  0x0000000000000738       0x30 CMakeFiles/STM32V3.elf.dir/Src/irq_handle.c.obj
 .debug_ranges  0x0000000000000768       0x20 CMakeFiles/STM32V3.elf.dir/Src/main.c.obj
 .debug_ranges  0x0000000000000788       0x20 CMakeFiles/STM32V3.elf.dir/Src/rng.c.obj
 .debug_ranges  0x00000000000007a8       0x48 CMakeFiles/STM32V3.elf.dir/Src/state_machine.c.obj
 .debug_ranges  0x00000000000007f0       0x10 CMakeFiles/STM32V3.elf.dir/Src/stm32f4xx_hal_msp.c.obj
 .debug_ranges  0x0000000000000800       0x28 CMakeFiles/STM32V3.elf.dir/Src/stm32f4xx_it.c.obj
 .debug_ranges  0x0000000000000828       0x18 CMakeFiles/STM32V3.elf.dir/Src/system_stm32f4xx.c.obj
 .debug_ranges  0x0000000000000840       0x20 CMakeFiles/STM32V3.elf.dir/Src/usart.c.obj
 .debug_ranges  0x0000000000000860       0x20 CMakeFiles/STM32V3.elf.dir/Src/zlg7290.c.obj
 .debug_ranges  0x0000000000000880       0x20 CMakeFiles/STM32V3.elf.dir/Startup/startup_stm32f407igtx.s.obj
 .debug_ranges  0x00000000000008a0       0xe8 /usr/lib/gcc/arm-none-eabi/10.3.1/thumb/v7e-m/nofp/libgcc.a(_udivmoddi4.o)
 .debug_ranges  0x0000000000000988       0x50 /usr/lib/gcc/arm-none-eabi/10.3.1/../../../arm-none-eabi/lib/thumb/v7e-m/nofp/libc.a(lib_a-__call_atexit.o)

.debug_line     0x0000000000000000     0xa65d
 .debug_line    0x0000000000000000      0x49a CMakeFiles/STM32V3.elf.dir/Drivers/STM32F4xx_HAL_Driver/Src/stm32f4xx_hal.c.obj
 .debug_line    0x000000000000049a      0x68a CMakeFiles/STM32V3.elf.dir/Drivers/STM32F4xx_HAL_Driver/Src/stm32f4xx_hal_cortex.c.obj
 .debug_line    0x0000000000000b24      0x3a5 CMakeFiles/STM32V3.elf.dir/Drivers/STM32F4xx_HAL_Driver/Src/stm32f4xx_hal_crc.c.obj
 .debug_line    0x0000000000000ec9      0x69b CMakeFiles/STM32V3.elf.dir/Drivers/STM32F4xx_HAL_Driver/Src/stm32f4xx_hal_gpio.c.obj
 .debug_line    0x0000000000001564     0x2f50 CMakeFiles/STM32V3.elf.dir/Drivers/STM32F4xx_HAL_Driver/Src/stm32f4xx_hal_i2c.c.obj
 .debug_line    0x00000000000044b4      0x4d4 CMakeFiles/STM32V3.elf.dir/Drivers/STM32F4xx_HAL_Driver/Src/stm32f4xx_hal_pwr.c.obj
 .debug_line    0x0000000000004988      0xd9c CMakeFiles/STM32V3.elf.dir/Drivers/STM32F4xx_HAL_Driver/Src/stm32f4xx_hal_rcc.c.obj
 .debug_line    0x0000000000005724      0x4f4 CMakeFiles/STM32V3.elf.dir/Drivers/STM32F4xx_HAL_Driver/Src/stm32f4xx_hal_rng.c.obj
 .debug_line    0x0000000000005c18     0x1689 CMakeFiles/STM32V3.elf.dir/Drivers/STM32F4xx_HAL_Driver/Src/stm32f4xx_hal_uart.c.obj
 .debug_line    0x00000000000072a1      0x189 CMakeFiles/STM32V3.elf.dir/Src/beep.c.obj
 .debug_line    0x000000000000742a      0x344 CMakeFiles/STM32V3.elf.dir/Src/button.c.obj
 .debug_line    0x000000000000776e      0x20b CMakeFiles/STM32V3.elf.dir/Src/crc.c.obj
 .debug_line    0x0000000000007979      0x260 CMakeFiles/STM32V3.elf.dir/Src/gpio.c.obj
 .debug_line    0x0000000000007bd9      0x2be CMakeFiles/STM32V3.elf.dir/Src/i2c.c.obj
 .debug_line    0x0000000000007e97      0x270 CMakeFiles/STM32V3.elf.dir/Src/irq_handle.c.obj
 .debug_line    0x0000000000008107      0x3ad CMakeFiles/STM32V3.elf.dir/Src/main.c.obj
 .debug_line    0x00000000000084b4      0x231 CMakeFiles/STM32V3.elf.dir/Src/rng.c.obj
 .debug_line    0x00000000000086e5      0x438 CMakeFiles/STM32V3.elf.dir/Src/state_machine.c.obj
 .debug_line    0x0000000000008b1d      0x10e CMakeFiles/STM32V3.elf.dir/Src/stm32f4xx_hal_msp.c.obj
 .debug_line    0x0000000000008c2b      0x214 CMakeFiles/STM32V3.elf.dir/Src/stm32f4xx_it.c.obj
 .debug_line    0x0000000000008e3f      0x255 CMakeFiles/STM32V3.elf.dir/Src/system_stm32f4xx.c.obj
 .debug_line    0x0000000000009094      0x2d7 CMakeFiles/STM32V3.elf.dir/Src/usart.c.obj
 .debug_line    0x000000000000936b      0x225 CMakeFiles/STM32V3.elf.dir/Src/zlg7290.c.obj
 .debug_line    0x0000000000009590       0x9f CMakeFiles/STM32V3.elf.dir/Startup/startup_stm32f407igtx.s.obj
 .debug_line    0x000000000000962f       0x60 /usr/lib/gcc/arm-none-eabi/10.3.1/thumb/v7e-m/nofp/libgcc.a(_aeabi_uldivmod.o)
 .debug_line    0x000000000000968f      0x5b4 /usr/lib/gcc/arm-none-eabi/10.3.1/thumb/v7e-m/nofp/libgcc.a(_udivmoddi4.o)
 .debug_line    0x0000000000009c43       0x60 /usr/lib/gcc/arm-none-eabi/10.3.1/thumb/v7e-m/nofp/libgcc.a(_dvmd_tls.o)
 .debug_line    0x0000000000009ca3       0xc0 /usr/lib/gcc/arm-none-eabi/10.3.1/../../../arm-none-eabi/lib/thumb/v7e-m/nofp/libc.a(lib_a-atexit.o)
 .debug_line    0x0000000000009d63       0xed /usr/lib/gcc/arm-none-eabi/10.3.1/../../../arm-none-eabi/lib/thumb/v7e-m/nofp/libc.a(lib_a-fini.o)
 .debug_line    0x0000000000009e50       0xe4 /usr/lib/gcc/arm-none-eabi/10.3.1/../../../arm-none-eabi/lib/thumb/v7e-m/nofp/libc.a(lib_a-impure.o)
 .debug_line    0x0000000000009f34      0x138 /usr/lib/gcc/arm-none-eabi/10.3.1/../../../arm-none-eabi/lib/thumb/v7e-m/nofp/libc.a(lib_a-init.o)
 .debug_line    0x000000000000a06c      0x1bf /usr/lib/gcc/arm-none-eabi/10.3.1/../../../arm-none-eabi/lib/thumb/v7e-m/nofp/libc.a(lib_a-memset.o)
 .debug_line    0x000000000000a22b      0x19e /usr/lib/gcc/arm-none-eabi/10.3.1/../../../arm-none-eabi/lib/thumb/v7e-m/nofp/libc.a(lib_a-__atexit.o)
 .debug_line    0x000000000000a3c9      0x294 /usr/lib/gcc/arm-none-eabi/10.3.1/../../../arm-none-eabi/lib/thumb/v7e-m/nofp/libc.a(lib_a-__call_atexit.o)

.debug_str      0x0000000000000000     0x3f40
 .debug_str     0x0000000000000000      0xa45 CMakeFiles/STM32V3.elf.dir/Drivers/STM32F4xx_HAL_Driver/Src/stm32f4xx_hal.c.obj
                                        0xa9b (size before relaxing)
 .debug_str     0x0000000000000a45      0x3b9 CMakeFiles/STM32V3.elf.dir/Drivers/STM32F4xx_HAL_Driver/Src/stm32f4xx_hal_cortex.c.obj
                                        0xbe9 (size before relaxing)
 .debug_str     0x0000000000000dfe      0x1c1 CMakeFiles/STM32V3.elf.dir/Drivers/STM32F4xx_HAL_Driver/Src/stm32f4xx_hal_crc.c.obj
                                        0x39c (size before relaxing)
 .debug_str     0x0000000000000fbf      0x1eb CMakeFiles/STM32V3.elf.dir/Drivers/STM32F4xx_HAL_Driver/Src/stm32f4xx_hal_gpio.c.obj
                                        0x4de (size before relaxing)
 .debug_str     0x00000000000011aa      0x9f4 CMakeFiles/STM32V3.elf.dir/Drivers/STM32F4xx_HAL_Driver/Src/stm32f4xx_hal_i2c.c.obj
                                        0xc70 (size before relaxing)
 .debug_str     0x0000000000001b9e      0x242 CMakeFiles/STM32V3.elf.dir/Drivers/STM32F4xx_HAL_Driver/Src/stm32f4xx_hal_pwr.c.obj
                                        0x566 (size before relaxing)
 .debug_str     0x0000000000001de0      0x2cf CMakeFiles/STM32V3.elf.dir/Drivers/STM32F4xx_HAL_Driver/Src/stm32f4xx_hal_rcc.c.obj
                                        0x6b9 (size before relaxing)
 .debug_str     0x00000000000020af      0x21e CMakeFiles/STM32V3.elf.dir/Drivers/STM32F4xx_HAL_Driver/Src/stm32f4xx_hal_rng.c.obj
                                        0x443 (size before relaxing)
 .debug_str     0x00000000000022cd      0x515 CMakeFiles/STM32V3.elf.dir/Drivers/STM32F4xx_HAL_Driver/Src/stm32f4xx_hal_uart.c.obj
                                        0xa5a (size before relaxing)
 .debug_str     0x00000000000027e2       0x47 CMakeFiles/STM32V3.elf.dir/Src/beep.c.obj
                                        0x23b (size before relaxing)
 .debug_str     0x0000000000002829      0x36b CMakeFiles/STM32V3.elf.dir/Src/button.c.obj
                                        0x95b (size before relaxing)
 .debug_str     0x0000000000002b94       0x4f CMakeFiles/STM32V3.elf.dir/Src/crc.c.obj
                                        0x412 (size before relaxing)
 .debug_str     0x0000000000002be3       0x39 CMakeFiles/STM32V3.elf.dir/Src/gpio.c.obj
                                        0x88a (size before relaxing)
 .debug_str     0x0000000000002c1c       0x42 CMakeFiles/STM32V3.elf.dir/Src/i2c.c.obj
                                        0x824 (size before relaxing)
 .debug_str     0x0000000000002c5e       0x9b CMakeFiles/STM32V3.elf.dir/Src/irq_handle.c.obj
                                        0x8a5 (size before relaxing)
 .debug_str     0x0000000000002cf9       0xb6 CMakeFiles/STM32V3.elf.dir/Src/main.c.obj
                                        0x656 (size before relaxing)
 .debug_str     0x0000000000002daf       0x35 CMakeFiles/STM32V3.elf.dir/Src/rng.c.obj
                                        0x93d (size before relaxing)
 .debug_str     0x0000000000002de4       0xfc CMakeFiles/STM32V3.elf.dir/Src/state_machine.c.obj
                                        0x4ec (size before relaxing)
 .debug_str     0x0000000000002ee0       0x39 CMakeFiles/STM32V3.elf.dir/Src/stm32f4xx_hal_msp.c.obj
                                        0x2c9 (size before relaxing)
 .debug_str     0x0000000000002f19       0x86 CMakeFiles/STM32V3.elf.dir/Src/stm32f4xx_it.c.obj
                                        0x747 (size before relaxing)
 .debug_str     0x0000000000002f9f       0x63 CMakeFiles/STM32V3.elf.dir/Src/system_stm32f4xx.c.obj
                                        0x36b (size before relaxing)
 .debug_str     0x0000000000003002       0x38 CMakeFiles/STM32V3.elf.dir/Src/usart.c.obj
                                        0xd3c (size before relaxing)
 .debug_str     0x000000000000303a       0x61 CMakeFiles/STM32V3.elf.dir/Src/zlg7290.c.obj
                                        0x6d2 (size before relaxing)
 .debug_str     0x000000000000309b       0x4d CMakeFiles/STM32V3.elf.dir/Startup/startup_stm32f407igtx.s.obj
                                         0x6e (size before relaxing)
 .debug_str     0x00000000000030e8       0xa3 /usr/lib/gcc/arm-none-eabi/10.3.1/thumb/v7e-m/nofp/libgcc.a(_aeabi_uldivmod.o)
 .debug_str     0x000000000000318b      0x541 /usr/lib/gcc/arm-none-eabi/10.3.1/thumb/v7e-m/nofp/libgcc.a(_udivmoddi4.o)
                                        0x641 (size before relaxing)
 .debug_str     0x00000000000036cc       0x30 /usr/lib/gcc/arm-none-eabi/10.3.1/thumb/v7e-m/nofp/libgcc.a(_dvmd_tls.o)
                                         0xa7 (size before relaxing)
 .debug_str     0x00000000000036fc      0x142 /usr/lib/gcc/arm-none-eabi/10.3.1/../../../arm-none-eabi/lib/thumb/v7e-m/nofp/libc.a(lib_a-atexit.o)
                                        0x1de (size before relaxing)
 .debug_str     0x000000000000383e       0xc5 /usr/lib/gcc/arm-none-eabi/10.3.1/../../../arm-none-eabi/lib/thumb/v7e-m/nofp/libc.a(lib_a-fini.o)
                                        0x1d6 (size before relaxing)
 .debug_str     0x0000000000003903      0x444 /usr/lib/gcc/arm-none-eabi/10.3.1/../../../arm-none-eabi/lib/thumb/v7e-m/nofp/libc.a(lib_a-impure.o)
                                        0x57c (size before relaxing)
 .debug_str     0x0000000000003d47       0x96 /usr/lib/gcc/arm-none-eabi/10.3.1/../../../arm-none-eabi/lib/thumb/v7e-m/nofp/libc.a(lib_a-init.o)
                                        0x200 (size before relaxing)
 .debug_str     0x0000000000003ddd       0x9b /usr/lib/gcc/arm-none-eabi/10.3.1/../../../arm-none-eabi/lib/thumb/v7e-m/nofp/libc.a(lib_a-memset.o)
                                        0x1b5 (size before relaxing)
 .debug_str     0x0000000000003e78       0x36 /usr/lib/gcc/arm-none-eabi/10.3.1/../../../arm-none-eabi/lib/thumb/v7e-m/nofp/libc.a(lib_a-__atexit.o)
                                        0x5b6 (size before relaxing)
 .debug_str     0x0000000000003eae       0x92 /usr/lib/gcc/arm-none-eabi/10.3.1/../../../arm-none-eabi/lib/thumb/v7e-m/nofp/libc.a(lib_a-__call_atexit.o)
                                        0x5e2 (size before relaxing)

.debug_frame    0x0000000000000000     0x1870
 .debug_frame   0x0000000000000000      0x188 CMakeFiles/STM32V3.elf.dir/Drivers/STM32F4xx_HAL_Driver/Src/stm32f4xx_hal.c.obj
 .debug_frame   0x0000000000000188      0x128 CMakeFiles/STM32V3.elf.dir/Drivers/STM32F4xx_HAL_Driver/Src/stm32f4xx_hal_cortex.c.obj
 .debug_frame   0x00000000000002b0       0xb0 CMakeFiles/STM32V3.elf.dir/Drivers/STM32F4xx_HAL_Driver/Src/stm32f4xx_hal_crc.c.obj
 .debug_frame   0x0000000000000360       0xd8 CMakeFiles/STM32V3.elf.dir/Drivers/STM32F4xx_HAL_Driver/Src/stm32f4xx_hal_gpio.c.obj
 .debug_frame   0x0000000000000438      0x6b8 CMakeFiles/STM32V3.elf.dir/Drivers/STM32F4xx_HAL_Driver/Src/stm32f4xx_hal_i2c.c.obj
 .debug_frame   0x0000000000000af0      0x128 CMakeFiles/STM32V3.elf.dir/Drivers/STM32F4xx_HAL_Driver/Src/stm32f4xx_hal_pwr.c.obj
 .debug_frame   0x0000000000000c18      0x144 CMakeFiles/STM32V3.elf.dir/Drivers/STM32F4xx_HAL_Driver/Src/stm32f4xx_hal_rcc.c.obj
 .debug_frame   0x0000000000000d5c      0x124 CMakeFiles/STM32V3.elf.dir/Drivers/STM32F4xx_HAL_Driver/Src/stm32f4xx_hal_rng.c.obj
 .debug_frame   0x0000000000000e80      0x374 CMakeFiles/STM32V3.elf.dir/Drivers/STM32F4xx_HAL_Driver/Src/stm32f4xx_hal_uart.c.obj
 .debug_frame   0x00000000000011f4       0x40 CMakeFiles/STM32V3.elf.dir/Src/beep.c.obj
 .debug_frame   0x0000000000001234       0x5c CMakeFiles/STM32V3.elf.dir/Src/button.c.obj
 .debug_frame   0x0000000000001290       0x50 CMakeFiles/STM32V3.elf.dir/Src/crc.c.obj
 .debug_frame   0x00000000000012e0       0x3c CMakeFiles/STM32V3.elf.dir/Src/gpio.c.obj
 .debug_frame   0x000000000000131c       0x60 CMakeFiles/STM32V3.elf.dir/Src/i2c.c.obj
 .debug_frame   0x000000000000137c       0x54 CMakeFiles/STM32V3.elf.dir/Src/irq_handle.c.obj
 .debug_frame   0x00000000000013d0       0x58 CMakeFiles/STM32V3.elf.dir/Src/main.c.obj
 .debug_frame   0x0000000000001428       0x5c CMakeFiles/STM32V3.elf.dir/Src/rng.c.obj
 .debug_frame   0x0000000000001484       0xb8 CMakeFiles/STM32V3.elf.dir/Src/state_machine.c.obj
 .debug_frame   0x000000000000153c       0x28 CMakeFiles/STM32V3.elf.dir/Src/stm32f4xx_hal_msp.c.obj
 .debug_frame   0x0000000000001564       0x70 CMakeFiles/STM32V3.elf.dir/Src/stm32f4xx_it.c.obj
 .debug_frame   0x00000000000015d4       0x30 CMakeFiles/STM32V3.elf.dir/Src/system_stm32f4xx.c.obj
 .debug_frame   0x0000000000001604       0x60 CMakeFiles/STM32V3.elf.dir/Src/usart.c.obj
 .debug_frame   0x0000000000001664       0x7c CMakeFiles/STM32V3.elf.dir/Src/zlg7290.c.obj
 .debug_frame   0x00000000000016e0       0x2c /usr/lib/gcc/arm-none-eabi/10.3.1/thumb/v7e-m/nofp/libgcc.a(_aeabi_uldivmod.o)
 .debug_frame   0x000000000000170c       0x34 /usr/lib/gcc/arm-none-eabi/10.3.1/thumb/v7e-m/nofp/libgcc.a(_udivmoddi4.o)
 .debug_frame   0x0000000000001740       0x20 /usr/lib/gcc/arm-none-eabi/10.3.1/../../../arm-none-eabi/lib/thumb/v7e-m/nofp/libc.a(lib_a-atexit.o)
 .debug_frame   0x0000000000001760       0x34 /usr/lib/gcc/arm-none-eabi/10.3.1/../../../arm-none-eabi/lib/thumb/v7e-m/nofp/libc.a(lib_a-fini.o)
 .debug_frame   0x0000000000001794       0x2c /usr/lib/gcc/arm-none-eabi/10.3.1/../../../arm-none-eabi/lib/thumb/v7e-m/nofp/libc.a(lib_a-init.o)
 .debug_frame   0x00000000000017c0       0x2c /usr/lib/gcc/arm-none-eabi/10.3.1/../../../arm-none-eabi/lib/thumb/v7e-m/nofp/libc.a(lib_a-memset.o)
 .debug_frame   0x00000000000017ec       0x34 /usr/lib/gcc/arm-none-eabi/10.3.1/../../../arm-none-eabi/lib/thumb/v7e-m/nofp/libc.a(lib_a-__atexit.o)
 .debug_frame   0x0000000000001820       0x50 /usr/lib/gcc/arm-none-eabi/10.3.1/../../../arm-none-eabi/lib/thumb/v7e-m/nofp/libc.a(lib_a-__call_atexit.o)
